Component: ARM Compiler 5.06 update 1 (build 61) Tool: armlink [4d35a8]

==============================================================================

Section Cross References

    system_stm32f4xx.o(.text) refers to system_stm32f4xx.o(.data) for SystemCoreClock
    main.o(.text) refers to rcc_config.o(.text) for RCC_Config
    main.o(.text) refers to usart_gy.o(.text) for uart_init
    main.o(.text) refers to pwm_init.o(.text) for PWMConfig
    main.o(.text) refers to delay.o(.text) for delay_init
    main.o(.text) refers to matrix_inverse_solution.o(.text) for InitRobotPosion
    main.o(.text) refers to noretval__2printf.o(.text) for __2printf
    startup_stm32f40_41xxx.o(STACK) refers (Special) to heapauxi.o(.text) for __use_two_region_memory
    startup_stm32f40_41xxx.o(HEAP) refers (Special) to heapauxi.o(.text) for __use_two_region_memory
    startup_stm32f40_41xxx.o(RESET) refers (Special) to heapauxi.o(.text) for __use_two_region_memory
    startup_stm32f40_41xxx.o(RESET) refers to startup_stm32f40_41xxx.o(STACK) for __initial_sp
    startup_stm32f40_41xxx.o(RESET) refers to startup_stm32f40_41xxx.o(.text) for Reset_Handler
    startup_stm32f40_41xxx.o(RESET) refers to stm32f4xx_it.o(.text) for NMI_Handler
    startup_stm32f40_41xxx.o(RESET) refers to usart_gy.o(.text) for USART1_IRQHandler
    startup_stm32f40_41xxx.o(.text) refers (Special) to heapauxi.o(.text) for __use_two_region_memory
    startup_stm32f40_41xxx.o(.text) refers to system_stm32f4xx.o(.text) for SystemInit
    startup_stm32f40_41xxx.o(.text) refers to __main.o(!!!main) for __main
    startup_stm32f40_41xxx.o(.text) refers to startup_stm32f40_41xxx.o(HEAP) for Heap_Mem
    startup_stm32f40_41xxx.o(.text) refers to startup_stm32f40_41xxx.o(STACK) for Stack_Mem
    stm32f4xx_gpio.o(.text) refers to stm32f4xx_rcc.o(.text) for RCC_AHB1PeriphResetCmd
    stm32f4xx_rcc.o(.text) refers to stm32f4xx_rcc.o(.data) for APBAHBPrescTable
    stm32f4xx_usart.o(.text) refers to stm32f4xx_rcc.o(.text) for RCC_APB2PeriphResetCmd
    stm32f4xx_syscfg.o(.text) refers to stm32f4xx_rcc.o(.text) for RCC_APB2PeriphResetCmd
    stm32f4xx_tim.o(.text) refers to stm32f4xx_rcc.o(.text) for RCC_APB2PeriphResetCmd
    delay.o(.text) refers to misc.o(.text) for SysTick_CLKSourceConfig
    delay.o(.text) refers to delay.o(.data) for fac_us
    usart_gy.o(.rev16_text) refers (Special) to use_no_semi_2.o(.text) for __use_no_semihosting
    usart_gy.o(.revsh_text) refers (Special) to use_no_semi_2.o(.text) for __use_no_semihosting
    usart_gy.o(.text) refers (Special) to use_no_semi_2.o(.text) for __use_no_semihosting
    usart_gy.o(.text) refers to stm32f4xx_rcc.o(.text) for RCC_AHB1PeriphClockCmd
    usart_gy.o(.text) refers to stm32f4xx_gpio.o(.text) for GPIO_PinAFConfig
    usart_gy.o(.text) refers to stm32f4xx_usart.o(.text) for USART_Init
    usart_gy.o(.text) refers to misc.o(.text) for NVIC_Init
    usart_gy.o(.bss) refers (Special) to use_no_semi_2.o(.text) for __use_no_semihosting
    usart_gy.o(.data) refers (Special) to use_no_semi_2.o(.text) for __use_no_semihosting
    pwm_init.o(.text) refers to stm32f4xx_rcc.o(.text) for RCC_APB1PeriphClockCmd
    pwm_init.o(.text) refers to stm32f4xx_gpio.o(.text) for GPIO_PinAFConfig
    pwm_init.o(.text) refers to stm32f4xx_tim.o(.text) for TIM_TimeBaseInit
    rcc_config.o(.text) refers to stm32f4xx_rcc.o(.text) for RCC_DeInit
    matrix_inverse_solution.o(.text) refers to f2d.o(x$fpl$f2d) for __aeabi_f2d
    matrix_inverse_solution.o(.text) refers to asin.o(i.__hardfp_asin) for __hardfp_asin
    matrix_inverse_solution.o(.text) refers to d2f.o(x$fpl$d2f) for __aeabi_d2f
    matrix_inverse_solution.o(.text) refers to sqrt.o(i.__hardfp_sqrt) for __hardfp_sqrt
    matrix_inverse_solution.o(.text) refers to atan2.o(i.__hardfp_atan2) for __hardfp_atan2
    matrix_inverse_solution.o(.text) refers to dmul.o(x$fpl$dmul) for __aeabi_dmul
    matrix_inverse_solution.o(.text) refers to ddiv.o(x$fpl$ddiv) for __aeabi_ddiv
    matrix_inverse_solution.o(.text) refers to daddsub_clz.o(x$fpl$dsub) for __aeabi_dsub
    matrix_inverse_solution.o(.text) refers to dfix.o(x$fpl$dfix) for __aeabi_d2iz
    matrix_inverse_solution.o(.text) refers to pwm_init.o(.text) for Angle
    matrix_inverse_solution.o(.text) refers to matrix_inverse_solution.o(.bss) for KMGecko
    matrix_inverse_solution.o(.text) refers to daddsub_clz.o(x$fpl$dadd) for __aeabi_dadd
    use_no_semi_2.o(.text) refers (Special) to use_no_semi.o(.text) for __use_no_semihosting_swi
    __2printf.o(.text) refers to _printf_char_file.o(.text) for _printf_char_file
    __2printf.o(.text) refers to usart_gy.o(.data) for __stdout
    noretval__2printf.o(.text) refers to _printf_char_file.o(.text) for _printf_char_file
    noretval__2printf.o(.text) refers to usart_gy.o(.data) for __stdout
    __main.o(!!!main) refers to __rtentry.o(.ARM.Collect$$rtentry$$00000000) for __rt_entry
    d2f.o(x$fpl$d2f) refers (Special) to usenofp.o(x$fpl$usenofp) for __I$use$fp
[...]
    Removing stm32f4xx_exti.o(.text), (272 bytes).
    Removing stm32f4xx_tim.o(.rev16_text), (4 bytes).
    Removing stm32f4xx_tim.o(.revsh_text), (4 bytes).
    Removing sys.o(.rev16_text), (4 bytes).
    Removing sys.o(.revsh_text), (4 bytes).
    Removing sys.o(.emb_text), (16 bytes).
    Removing delay.o(.rev16_text), (4 bytes).
    Removing delay.o(.revsh_text), (4 bytes).
    Removing usart_gy.o(.rev16_text), (4 bytes).
    Removing usart_gy.o(.revsh_text), (4 bytes).
    Removing usart_gy.o(.bss), (304 bytes).
    Removing pwm_init.o(.rev16_text), (4 bytes).
    Removing pwm_init.o(.revsh_text), (4 bytes).
    Removing rcc_config.o(.rev16_text), (4 bytes).
    Removing rcc_config.o(.revsh_text), (4 bytes).
    Removing matrix_inverse_solution.o(.rev16_text), (4 bytes).
    Removing matrix_inverse_solution.o(.revsh_text), (4 bytes).

36 unused section(s) (total 868 bytes) removed from the image.

==============================================================================

Image Symbol Table

    Local Symbols

    Symbol Name                              Value     Ov Type        Size  Object(Section)

    ../clib/angel/boardlib.s                 0x00000000   Number         0  boardinit2.o ABSOLUTE
    ../clib/angel/boardlib.s                 0x00000000   Number         0  boardinit3.o ABSOLUTE
    ../clib/angel/boardlib.s                 0x00000000   Number         0  boardshut.o ABSOLUTE
    ../clib/angel/boardlib.s                 0x00000000   Number         0  boardinit1.o ABSOLUTE
    ../clib/angel/handlers.s                 0x00000000   Number         0  __scatter_copy.o ABSOLUTE
    ../clib/angel/handlers.s                 0x00000000   Number         0  __scatter_zi.o ABSOLUTE
    ../clib/angel/kernel.s                   0x00000000   Number         0  __rtentry4.o ABSOLUTE
    ../clib/angel/kernel.s                   0x00000000   Number         0  rtexit2.o ABSOLUTE
    ../clib/angel/kernel.s                   0x00000000   Number         0  rtexit.o ABSOLUTE
    ../clib/angel/kernel.s                   0x00000000   Number         0  __rtentry.o ABSOLUTE
    ../clib/angel/kernel.s                   0x00000000   Number         0  __rtentry2.o ABSOLUTE
    ../clib/angel/rt.s                       0x00000000   Number         0  rt_errno_addr.o ABSOLUTE
    ../clib/angel/rt.s                       0x00000000   Number         0  rt_errno_addr_intlibspace.o ABSOLUTE
    ../clib/angel/rt.s                       0x00000000   Number         0  rt_raise.o ABSOLUTE
    ../clib/angel/scatter.s                  0x00000000   Number         0  __scatter.o ABSOLUTE
    ../clib/angel/startup.s                  0x00000000   Number         0  __main.o ABSOLUTE
    ../clib/angel/sys.s                      0x00000000   Number         0  indicate_semi.o ABSOLUTE
    ../clib/angel/sys.s                      0x00000000   Number         0  use_no_semi_2.o ABSOLUTE
    ../clib/angel/sys.s                      0x00000000   Number         0  use_no_semi.o ABSOLUTE
    ../clib/angel/sys.s                      0x00000000   Number         0  sys_stackheap_outer.o ABSOLUTE
    ../clib/angel/sys.s                      0x00000000   Number         0  libspace.o ABSOLUTE
    ../clib/angel/sysapp.c                   0x00000000   Number         0  sys_wrch.o ABSOLUTE
    ../clib/angel/sysapp.c                   0x00000000   Number         0  sys_command.o ABSOLUTE
    ../clib/armsys.c                         0x00000000   Number         0  argv_veneer.o ABSOLUTE
    ../clib/armsys.c                         0x00000000   Number         0  no_argv.o ABSOLUTE
    ../clib/armsys.c                         0x00000000   Number         0  _get_argv_nomalloc.o ABSOLUTE
    ../clib/armsys.c                         0x00000000   Number         0  argv_veneer.o ABSOLUTE
    ../clib/fenv.c                           0x00000000   Number         0  _rserrno.o ABSOLUTE
    ../clib/heapalloc.c                      0x00000000   Number         0  hrguard.o ABSOLUTE
    ../clib/heapaux.c                        0x00000000   Number         0  heapauxi.o ABSOLUTE
    ../clib/libinit.s                        0x00000000   Number         0  libshutdown2.o ABSOLUTE
    ../clib/libinit.s                        0x00000000   Number         0  libinit2.o ABSOLUTE
    ../clib/libinit.s                        0x00000000   Number         0  libinit.o ABSOLUTE
    ../clib/libinit.s                        0x00000000   Number         0  libshutdown.o ABSOLUTE
    ../clib/printf.c                         0x00000000   Number         0  _printf_char_common.o ABSOLUTE
    ../clib/printf.c                         0x00000000   Number         0  __printf_nopercent.o ABSOLUTE
    ../clib/printf.c                         0x00000000   Number         0  _printf_char_file.o ABSOLUTE
    ../clib/printf.c                         0x00000000   Number         0  noretval__2printf.o ABSOLUTE
    ../clib/printf.c                         0x00000000   Number         0  __2printf.o ABSOLUTE
    ../clib/signal.c                         0x00000000   Number         0  defsig_rtmem_inner.o ABSOLUTE
    ../clib/signal.c                         0x00000000   Number         0  __raise.o ABSOLUTE
    ../clib/signal.c                         0x00000000   Number         0  defsig_abrt_inner.o ABSOLUTE
    ../clib/signal.c                         0x00000000   Number         0  defsig_fpe_inner.o ABSOLUTE
    ../clib/signal.c                         0x00000000   Number         0  defsig_rtred_inner.o ABSOLUTE
    ../clib/signal.c                         0x00000000   Number         0  defsig_stak_inner.o ABSOLUTE
    ../clib/signal.c                         0x00000000   Number         0  defsig_pvfn_inner.o ABSOLUTE
    ../clib/signal.c                         0x00000000   Number         0  defsig_cppl_inner.o ABSOLUTE
    ../clib/signal.c                         0x00000000   Number         0  defsig_rtmem_formal.o ABSOLUTE
    ../clib/signal.c                         0x00000000   Number         0  defsig_rtmem_outer.o ABSOLUTE
    ../clib/signal.c                         0x00000000   Number         0  defsig_segv_inner.o ABSOLUTE
    ../clib/signal.c                         0x00000000   Number         0  defsig_exit.o ABSOLUTE
    ../clib/signal.c                         0x00000000   Number         0  defsig_other.o ABSOLUTE
    ../clib/signal.c                         0x00000000   Number         0  defsig_general.o ABSOLUTE
    ../clib/signal.s                         0x00000000   Number         0  defsig.o ABSOLUTE
    ../clib/stdio.c                          0x00000000   Number         0  ferror.o ABSOLUTE
    ../clib/stdio.c                          0x00000000   Number         0  ferror_locked.o ABSOLUTE
    ../clib/stdlib.c                         0x00000000   Number         0  exit.o ABSOLUTE
    ../fplib/basic.s                         0x00000000   Number         0  basic.o ABSOLUTE
    ../fplib/d2f.s                           0x00000000   Number         0  d2f.o ABSOLUTE
    ../fplib/daddsub.s                       0x00000000   Number         0  daddsub_clz.o ABSOLUTE
    ../fplib/dcmpi.s                         0x00000000   Number         0  dcmpi.o ABSOLUTE
    ../fplib/ddiv.s                          0x00000000   Number         0  ddiv.o ABSOLUTE
    ../fplib/dfix.s                          0x00000000   Number         0  dfix.o ABSOLUTE
    ../fplib/dleqf.s                         0x00000000   Number         0  dleqf.o ABSOLUTE
    ../fplib/dmul.s                          0x00000000   Number         0  dmul.o ABSOLUTE
    ../fplib/dnaninf.s                       0x00000000   Number         0  dnaninf.o ABSOLUTE
    ../fplib/dretinf.s                       0x00000000   Number         0  dretinf.o ABSOLUTE
    ../fplib/dsqrt.s                         0x00000000   Number         0  dsqrt_umaal.o ABSOLUTE
    ../fplib/f2d.s                           0x00000000   Number         0  f2d.o ABSOLUTE
    ../fplib/fnaninf.s                       0x00000000   Number         0  fnaninf.o ABSOLUTE
    ../fplib/fpinit.s                        0x00000000   Number         0  fpinit.o ABSOLUTE
    ../fplib/fretinf.s                       0x00000000   Number         0  fretinf.o ABSOLUTE
    ../fplib/usenofp.s                       0x00000000   Number         0  usenofp.o ABSOLUTE
    ../mathlib/asin.c                        0x00000000   Number         0  asin_x.o ABSOLUTE
    ../mathlib/asin.c                        0x00000000   Number         0  asin.o ABSOLUTE
    ../mathlib/atan.c                        0x00000000   Number         0  atan_x.o ABSOLUTE
    ../mathlib/atan.c                        0x00000000   Number         0  atan.o ABSOLUTE
    ../mathlib/atan2.c                       0x00000000   Number         0  atan2.o ABSOLUTE
    ../mathlib/atan2.c                       0x00000000   Number         0  atan2_x.o ABSOLUTE
    ../mathlib/dunder.c                      0x00000000   Number         0  dunder.o ABSOLUTE
    ../mathlib/fabs.c                        0x00000000   Number         0  fabs.o ABSOLUTE
    ../mathlib/fpclassify.c                  0x00000000   Number         0  fpclassify.o ABSOLUTE
    ../mathlib/poly.c                        0x00000000   Number         0  poly.o ABSOLUTE
    ../mathlib/qnan.c                        0x00000000   Number         0  qnan.o ABSOLUTE
    ../mathlib/sqrt.c                        0x00000000   Number         0  sqrt_x.o ABSOLUTE
    ../mathlib/sqrt.c                        0x00000000   Number         0  sqrt.o ABSOLUTE
    ..\CORE\startup_stm32f40_41xxx.s         0x00000000   Number         0  startup_stm32f40_41xxx.o ABSOLUTE
    ..\FWLIB\src\misc.c                      0x00000000   Number         0  misc.o ABSOLUTE
    ..\FWLIB\src\stm32f4xx_exti.c            0x00000000   Number         0  stm32f4xx_exti.o ABSOLUTE
    ..\FWLIB\src\stm32f4xx_gpio.c            0x00000000   Number         0  stm32f4xx_gpio.o ABSOLUTE
    ..\FWLIB\src\stm32f4xx_rcc.c             0x00000000   Number         0  stm32f4xx_rcc.o ABSOLUTE
    ..\FWLIB\src\stm32f4xx_syscfg.c          0x00000000   Number         0  stm32f4xx_syscfg.o ABSOLUTE
    ..\FWLIB\src\stm32f4xx_tim.c             0x00000000   Number         0  stm32f4xx_tim.o ABSOLUTE
    ..\FWLIB\src\stm32f4xx_usart.c           0x00000000   Number         0  stm32f4xx_usart.o ABSOLUTE
    ..\HARDWARE\gecko_project\Matrix_Inverse_Solution.c 0x00000000   Number         0  matrix_inverse_solution.o ABSOLUTE
    ..\HARDWARE\gecko_project\pwm_init.c     0x00000000   Number         0  pwm_init.o ABSOLUTE
    ..\HARDWARE\gecko_project\rcc_config.c   0x00000000   Number         0  rcc_config.o ABSOLUTE
    ..\SYSTEM\delay\delay.c                  0x00000000   Number         0  delay.o ABSOLUTE
    ..\SYSTEM\sys\sys.c                      0x00000000   Number         0  sys.o ABSOLUTE
    ..\SYSTEM\usart\usart_gy.c               0x00000000   Number         0  usart_gy.o ABSOLUTE
    ..\\FWLIB\\src\\misc.c                   0x00000000   Number         0  misc.o ABSOLUTE
    ..\\FWLIB\\src\\stm32f4xx_exti.c         0x00000000   Number         0  stm32f4xx_exti.o ABSOLUTE
    ..\\FWLIB\\src\\stm32f4xx_gpio.c         0x00000000   Number         0  stm32f4xx_gpio.o ABSOLUTE
    ..\\FWLIB\\src\\stm32f4xx_rcc.c          0x00000000   Number         0  stm32f4xx_rcc.o ABSOLUTE
    ..\\FWLIB\\src\\stm32f4xx_syscfg.c       0x00000000   Number         0  stm32f4xx_syscfg.o ABSOLUTE
    ..\\FWLIB\\src\\stm32f4xx_tim.c          0x00000000   Number         0  stm32f4xx_tim.o ABSOLUTE
    ..\\FWLIB\\src\\stm32f4xx_usart.c        0x00000000   Number         0  stm32f4xx_usart.o ABSOLUTE
    ..\\HARDWARE\\gecko_project\\Matrix_Inverse_Solution.c 0x00000000   Number         0  matrix_inverse_solution.o ABSOLUTE
    ..\\HARDWARE\\gecko_project\\pwm_init.c  0x00000000   Number         0  pwm_init.o ABSOLUTE
    ..\\HARDWARE\\gecko_project\\rcc_config.c 0x00000000   Number         0  rcc_config.o ABSOLUTE
    ..\\SYSTEM\\delay\\delay.c               0x00000000   Number         0  delay.o ABSOLUTE
    ..\\SYSTEM\\sys\\sys.c                   0x00000000   Number         0  sys.o ABSOLUTE
    ..\\SYSTEM\\usart\\usart_gy.c            0x00000000   Number         0  usart_gy.o ABSOLUTE
    dc.s                                     0x00000000   Number         0  dc.o ABSOLUTE
    main.c                                   0x00000000   Number         0  main.o ABSOLUTE
    main.c                                   0x00000000   Number         0  main.o ABSOLUTE
    stm32f4xx_it.c                           0x00000000   Number         0  stm32f4xx_it.o ABSOLUTE
    stm32f4xx_it.c                           0x00000000   Number         0  stm32f4xx_it.o ABSOLUTE
    system_stm32f4xx.c                       0x00000000   Number         0  system_stm32f4xx.o ABSOLUTE
    system_stm32f4xx.c                       0x00000000   Number         0  system_stm32f4xx.o ABSOLUTE
    RESET                                    0x08000000   Section      392  startup_stm32f40_41xxx.o(RESET)
    !!!main                                  0x08000188   Section        8  __main.o(!!!main)
    !!!scatter                               0x08000190   Section       52  __scatter.o(!!!scatter)
    !!handler_copy                           0x080001c4   Section       26  __scatter_copy.o(!!handler_copy)
    !!handler_zi                             0x080001e0   Section       28  __scatter_zi.o(!!handler_zi)
    .ARM.Collect$$libinit$$00000000          0x080001fc   Section        2  libinit.o(.ARM.Collect$$libinit$$00000000)
    .ARM.Collect$$libinit$$00000001          0x080001fe   Section        4  libinit2.o(.ARM.Collect$$libinit$$00000001)
    .ARM.Collect$$libinit$$00000004          0x08000202   Section        0  libinit2.o(.ARM.Collect$$libinit$$00000004)
    .ARM.Collect$$libinit$$0000000A          0x08000202   Section        0  libinit2.o(.ARM.Collect$$libinit$$0000000A)
    .ARM.Collect$$libinit$$0000000C          0x08000202   Section        0  libinit2.o(.ARM.Collect$$libinit$$0000000C)
    .ARM.Collect$$libinit$$0000000E          0x08000202   Section        0  libinit2.o(.ARM.Collect$$libinit$$0000000E)
    .ARM.Collect$$libinit$$00000011          0x08000202   Section        0  libinit2.o(.ARM.Collect$$libinit$$00000011)
    .ARM.Collect$$libinit$$00000013          0x08000202   Section        0  libinit2.o(.ARM.Collect$$libinit$$00000013)
    .ARM.Collect$$libinit$$00000015          0x08000202   Section        0  libinit2.o(.ARM.Collect$$libinit$$00000015)
    .ARM.Collect$$libinit$$00000017          0x08000202   Section        0  libinit2.o(.ARM.Collect$$libinit$$00000017)
    .ARM.Collect$$libinit$$00000019          0x08000202   Section        0  libinit2.o(.ARM.Collect$$libinit$$00000019)
    .ARM.Collect$$libinit$$0000001B          0x08000202   Section        0  libinit2.o(.ARM.Collect$$libinit$$0000001B)
    .ARM.Collect$$libinit$$0000001D          0x08000202   Section        0  libinit2.o(.ARM.Collect$$libinit$$0000001D)
    .ARM.Collect$$libinit$$0000001F          0x08000202   Section        0  libinit2.o(.ARM.Collect$$libinit$$0000001F)
    .ARM.Collect$$libinit$$00000021          0x08000202   Section        0  libinit2.o(.ARM.Collect$$libinit$$00000021)
    .ARM.Collect$$libinit$$00000023          0x08000202   Section        0  libinit2.o(.ARM.Collect$$libinit$$00000023)
    .ARM.Collect$$libinit$$00000025          0x08000202   Section        0  libinit2.o(.ARM.Collect$$libinit$$00000025)
    .ARM.Collect$$libinit$$0000002C          0x08000202   Section        0  libinit2.o(.ARM.Collect$$libinit$$0000002C)
    .ARM.Collect$$libinit$$0000002E          0x08000202   Section        0  libinit2.o(.ARM.Collect$$libinit$$0000002E)
    .ARM.Collect$$libinit$$00000030          0x08000202   Section        0  libinit2.o(.ARM.Collect$$libinit$$00000030)
    .ARM.Collect$$libinit$$00000032          0x08000202   Section        0  libinit2.o(.ARM.Collect$$libinit$$00000032)
    .ARM.Collect$$libinit$$00000033          0x08000202   Section        2  libinit2.o(.ARM.Collect$$libinit$$00000033)
    .ARM.Collect$$libshutdown$$00000000      0x08000204   Section        2  libshutdown.o(.ARM.Collect$$libshutdown$$00000000)
    .ARM.Collect$$libshutdown$$00000002      0x08000206   Section        0  libshutdown2.o(.ARM.Collect$$libshutdown$$00000002)
    .ARM.Collect$$libshutdown$$00000004      0x08000206   Section        0  libshutdown2.o(.ARM.Collect$$libshutdown$$00000004)
    .ARM.Collect$$libshutdown$$00000007      0x08000206   Section        0  libshutdown2.o(.ARM.Collect$$libshutdown$$00000007)
    .ARM.Collect$$libshutdown$$0000000A      0x08000206   Section        0  libshutdown2.o(.ARM.Collect$$libshutdown$$0000000A)
    .ARM.Collect$$libshutdown$$0000000C      0x08000206   Section        0  libshutdown2.o(.ARM.Collect$$libshutdown$$0000000C)
    .ARM.Collect$$libshutdown$$0000000F      0x08000206   Section        0  libshutdown2.o(.ARM.Collect$$libshutdown$$0000000F)
    .ARM.Collect$$libshutdown$$00000010      0x08000206   Section        2  libshutdown2.o(.ARM.Collect$$libshutdown$$00000010)
    .ARM.Collect$$rtentry$$00000000          0x08000208   Section        0  __rtentry.o(.ARM.Collect$$rtentry$$00000000)
    .ARM.Collect$$rtentry$$00000002          0x08000208   Section        0  __rtentry2.o(.ARM.Collect$$rtentry$$00000002)
    .ARM.Collect$$rtentry$$00000004          0x08000208   Section        6  __rtentry4.o(.ARM.Collect$$rtentry$$00000004)
    .ARM.Collect$$rtentry$$00000009          0x0800020e   Section        0  __rtentry2.o(.ARM.Collect$$rtentry$$00000009)
    .ARM.Collect$$rtentry$$0000000A          0x0800020e   Section        4  __rtentry2.o(.ARM.Collect$$rtentry$$0000000A)
    .ARM.Collect$$rtentry$$0000000C          0x08000212   Section        0  __rtentry2.o(.ARM.Collect$$rtentry$$0000000C)
    .ARM.Collect$$rtentry$$0000000D          0x08000212   Section        8  __rtentry2.o(.ARM.Collect$$rtentry$$0000000D)
    .ARM.Collect$$rtexit$$00000000           0x0800021a   Section        2  rtexit.o(.ARM.Collect$$rtexit$$00000000)
    .ARM.Collect$$rtexit$$00000002           0x0800021c   Section        0  rtexit2.o(.ARM.Collect$$rtexit$$00000002)
    .ARM.Collect$$rtexit$$00000003           0x0800021c   Section        4  rtexit2.o(.ARM.Collect$$rtexit$$00000003)
    .ARM.Collect$$rtexit$$00000004           0x08000220   Section        6  rtexit2.o(.ARM.Collect$$rtexit$$00000004)
    .text                                    0x08000226   Section        0  stm32f4xx_it.o(.text)
    .text                                    0x08000240   Section        0  system_stm32f4xx.o(.text)
    SetSysClock                              0x08000241   Thumb Code   220  system_stm32f4xx.o(.text)
    .text                                    0x08000450   Section        0  main.o(.text)
    .text                                    0x080004b8   Section       64  startup_stm32f40_41xxx.o(.text)
    $v0                                      0x080004b8   Number         0  startup_stm32f40_41xxx.o(.text)
    .text                                    0x080004f8   Section        0  misc.o(.text)
    .text                                    0x080005d8   Section        0  stm32f4xx_gpio.o(.text)
    .text                                    0x0800086c   Section        0  stm32f4xx_rcc.o(.text)
    .text                                    0x08000ec8   Section        0  stm32f4xx_usart.o(.text)
    .text                                    0x0800131c   Section        0  stm32f4xx_tim.o(.text)
    TI4_Config                               0x08001abb   Thumb Code    80  stm32f4xx_tim.o(.text)
    TI3_Config                               0x08001b1d   Thumb Code    72  stm32f4xx_tim.o(.text)
    TI2_Config                               0x08001b7f   Thumb Code    90  stm32f4xx_tim.o(.text)
    TI1_Config                               0x08001beb   Thumb Code    58  stm32f4xx_tim.o(.text)
    .text                                    0x08001fc0   Section        0  delay.o(.text)
    .text                                    0x080020c4   Section        0  usart_gy.o(.text)
    .text                                    0x08002190   Section        0  pwm_init.o(.text)
    .text                                    0x08002538   Section        0  rcc_config.o(.text)
    .text                                    0x0800259c   Section        0  matrix_inverse_solution.o(.text)
    .text                                    0x08003574   Section        2  use_no_semi_2.o(.text)
    .text                                    0x08003578   Section        0  noretval__2printf.o(.text)
    .text                                    0x08003590   Section        0  heapauxi.o(.text)
    .text                                    0x08003596   Section        2  use_no_semi.o(.text)
    .text                                    0x08003598   Section        0  _rserrno.o(.text)
    .text                                    0x080035b0   Section        0  _printf_char_file.o(.text)
    .text                                    0x080035d4   Section        8  rt_errno_addr_intlibspace.o(.text)
    .text                                    0x080035dc   Section        0  _printf_char_common.o(.text)
    _printf_input_char                       0x080035dd   Thumb Code    10  _printf_char_common.o(.text)
    .text                                    0x0800360c   Section        0  ferror.o(.text)
    .text                                    0x08003614   Section        8  libspace.o(.text)
    .text                                    0x0800361c   Section       74  sys_stackheap_outer.o(.text)
    .text                                    0x08003666   Section        0  __printf_nopercent.o(.text)
    .text                                    0x0800368e   Section        0  exit.o(.text)
    i.__ARM_fpclassify                       0x080036a0   Section        0  fpclassify.o(i.__ARM_fpclassify)
    i.__hardfp_asin                          0x080036d0   Section        0  asin.o(i.__hardfp_asin)
    i.__hardfp_atan                          0x08003a30   Section        0  atan.o(i.__hardfp_atan)
    i.__hardfp_atan2                         0x08003d08   Section        0  atan2.o(i.__hardfp_atan2)
    i.__hardfp_sqrt                          0x08003ef8   Section        0  sqrt.o(i.__hardfp_sqrt)
    i.__kernel_poly                          0x08003f72   Section        0  poly.o(i.__kernel_poly)
    i.__mathlib_dbl_infnan                   0x0800406a   Section        0  dunder.o(i.__mathlib_dbl_infnan)
    i.__mathlib_dbl_infnan2                  0x0800407e   Section        0  dunder.o(i.__mathlib_dbl_infnan2)
    i.__mathlib_dbl_invalid                  0x08004098   Section        0  dunder.o(i.__mathlib_dbl_invalid)
    i.__mathlib_dbl_underflow                0x080040b8   Section        0  dunder.o(i.__mathlib_dbl_underflow)
    i.atan                                   0x080040d8   Section        0  atan.o(i.atan)
    i.fabs                                   0x080040e8   Section        0  fabs.o(i.fabs)
    i.sqrt                                   0x08004100   Section        0  sqrt.o(i.sqrt)
    x$fpl$basic                              0x0800416e   Section       24  basic.o(x$fpl$basic)
    $v0                                      0x0800416e   Number         0  basic.o(x$fpl$basic)
    x$fpl$d2f                                0x08004188   Section       98  d2f.o(x$fpl$d2f)
    $v0                                      0x08004188   Number         0  d2f.o(x$fpl$d2f)
    x$fpl$dadd                               0x080041ec   Section      336  daddsub_clz.o(x$fpl$dadd)
    $v0                                      0x080041ec   Number         0  daddsub_clz.o(x$fpl$dadd)
    _dadd1                                   0x080041fd   Thumb Code     0  daddsub_clz.o(x$fpl$dadd)
    x$fpl$ddiv                               0x0800433c   Section      688  ddiv.o(x$fpl$ddiv)
    $v0                                      0x0800433c   Number         0  ddiv.o(x$fpl$ddiv)
    ddiv_entry                               0x08004343   Thumb Code     0  ddiv.o(x$fpl$ddiv)
    x$fpl$dfix                               0x080045ec   Section       94  dfix.o(x$fpl$dfix)
    $v0                                      0x080045ec   Number         0  dfix.o(x$fpl$dfix)
    x$fpl$dmul                               0x0800464c   Section      340  dmul.o(x$fpl$dmul)
    $v0                                      0x0800464c   Number         0  dmul.o(x$fpl$dmul)
    x$fpl$dnaninf                            0x080047a0   Section      156  dnaninf.o(x$fpl$dnaninf)
    $v0                                      0x080047a0   Number         0  dnaninf.o(x$fpl$dnaninf)
    x$fpl$dretinf                            0x0800483c   Section       12  dretinf.o(x$fpl$dretinf)
    $v0                                      0x0800483c   Number         0  dretinf.o(x$fpl$dretinf)
    x$fpl$drsb                               0x08004848   Section       22  daddsub_clz.o(x$fpl$drsb)
    $v0                                      0x08004848   Number         0  daddsub_clz.o(x$fpl$drsb)
    x$fpl$dsqrt                              0x08004860   Section      408  dsqrt_umaal.o(x$fpl$dsqrt)
    $v0                                      0x08004860   Number         0  dsqrt_umaal.o(x$fpl$dsqrt)
    x$fpl$dsub                               0x080049f8   Section      468  daddsub_clz.o(x$fpl$dsub)
    $v0                                      0x080049f8   Number         0  daddsub_clz.o(x$fpl$dsub)
    _dsub1                                   0x08004a09   Thumb Code     0  daddsub_clz.o(x$fpl$dsub)
    x$fpl$f2d                                0x08004bcc   Section       86  f2d.o(x$fpl$f2d)
    $v0                                      0x08004bcc   Number         0  f2d.o(x$fpl$f2d)
    x$fpl$fnaninf                            0x08004c22   Section      140  fnaninf.o(x$fpl$fnaninf)
    $v0                                      0x08004c22   Number         0  fnaninf.o(x$fpl$fnaninf)
    x$fpl$fpinit                             0x08004cae   Section       10  fpinit.o(x$fpl$fpinit)
    $v0                                      0x08004cae   Number         0  fpinit.o(x$fpl$fpinit)
    x$fpl$fretinf                            0x08004cb8   Section       10  fretinf.o(x$fpl$fretinf)
    $v0                                      0x08004cb8   Number         0  fretinf.o(x$fpl$fretinf)
    x$fpl$usenofp                            0x08004cc2   Section        0  usenofp.o(x$fpl$usenofp)
    .constdata                               0x08004cc8   Section       80  asin.o(.constdata)
    pS                                       0x08004cc8   Data          48  asin.o(.constdata)
    qS                                       0x08004cf8   Data          32  asin.o(.constdata)
    .constdata                               0x08004d18   Section      152  atan.o(.constdata)
    atanhi                                   0x08004d18   Data          32  atan.o(.constdata)
    atanlo                                   0x08004d38   Data          32  atan.o(.constdata)
    aTodd                                    0x08004d58   Data          40  atan.o(.constdata)
    aTeven                                   0x08004d80   Data          48  atan.o(.constdata)
    .constdata                               0x08004db0   Section        8  qnan.o(.constdata)
    .data                                    0x20000000   Section       20  system_stm32f4xx.o(.data)
    .data                                    0x20000014   Section       16  stm32f4xx_rcc.o(.data)
    APBAHBPrescTable                         0x20000014   Data          16  stm32f4xx_rcc.o(.data)
    .data                                    0x20000024   Section        4  delay.o(.data)
    fac_us                                   0x20000024   Data           1  delay.o(.data)
    fac_ms                                   0x20000026   Data           2  delay.o(.data)
    .data                                    0x20000028   Section        6  usart_gy.o(.data)
    .bss                                     0x20000030   Section    38448  matrix_inverse_solution.o(.bss)
    .bss                                     0x20009660   Section       96  libspace.o(.bss)
    HEAP                                     0x200096c0   Section      512  startup_stm32f40_41xxx.o(HEAP)
    Heap_Mem                                 0x200096c0   Data         512  startup_stm32f40_41xxx.o(HEAP)
    STACK                                    0x200098c0   Section     1024  startup_stm32f40_41xxx.o(STACK)
    Stack_Mem                                0x200098c0   Data        1024  startup_stm32f40_41xxx.o(STACK)
    __initial_sp                             0x20009cc0   Data           0  startup_stm32f40_41xxx.o(STACK)

    Global Symbols

    Symbol Name                              Value     Ov Type        Size  Object(Section)

    BuildAttributes$$THM_ISAv4$E$P$D$K$B$S$7EM$VFPi3$EXTD16$VFPS$VFMA$PE$A:L22UL41UL21$X:L11$S22US41US21$IEEE1$IW$USESV6$~STKCKD$USESV7$~SHL$OTIME$ROPI$IEEEX$EBA8$UX$STANDARDLIB$REQ8$PRES8$EABIv2 0x00000000   Number         0  anon$$obj.o ABSOLUTE
    __ARM_use_no_argv                        0x00000000   Number         0  main.o ABSOLUTE
    __ARM_exceptions_init                     - Undefined Weak Reference
    __alloca_initialize                       - Undefined Weak Reference
    __arm_preinit_                            - Undefined Weak Reference
    __cpp_initialize__aeabi_                  - Undefined Weak Reference
    __cxa_finalize                            - Undefined Weak Reference
    __rt_locale                               - Undefined Weak Reference
    __sigvec_lookup                           - Undefined Weak Reference
    _atexit_init                              - Undefined Weak Reference
    _call_atexit_fns                          - Undefined Weak Reference
    _clock_init                               - Undefined Weak Reference
    _fp_trap_init                             - Undefined Weak Reference
    _fp_trap_shutdown                         - Undefined Weak Reference
    _get_lc_collate                           - Undefined Weak Reference
    _get_lc_ctype                             - Undefined Weak Reference
    _get_lc_monetary                          - Undefined Weak Reference
    _get_lc_numeric                           - Undefined Weak Reference
    _get_lc_time                              - Undefined Weak Reference
    _getenv_init                              - Undefined Weak Reference
    _handle_redirection                       - Undefined Weak Reference
    _init_alloc                               - Undefined Weak Reference
    _init_user_alloc                          - Undefined Weak Reference
    _initio                                   - Undefined Weak Reference
    _mutex_acquire                            - Undefined Weak Reference
    _mutex_release                            - Undefined Weak Reference
    _rand_init                                - Undefined Weak Reference
    _signal_finish                            - Undefined Weak Reference
    _signal_init                              - Undefined Weak Reference
    _terminate_alloc                          - Undefined Weak Reference
    _terminate_user_alloc                     - Undefined Weak Reference
    _terminateio                              - Undefined Weak Reference
    __Vectors_Size                           0x00000188   Number         0  startup_stm32f40_41xxx.o ABSOLUTE
    __Vectors                                0x08000000   Data           4  startup_stm32f40_41xxx.o(RESET)
    __Vectors_End                            0x08000188   Data           0  startup_stm32f40_41xxx.o(RESET)
    __main                                   0x08000189   Thumb Code     8  __main.o(!!!main)
    __scatterload                            0x08000191   Thumb Code     0  __scatter.o(!!!scatter)
    __scatterload_rt2                        0x08000191   Thumb Code    44  __scatter.o(!!!scatter)
    __scatterload_rt2_thumb_only             0x08000191   Thumb Code     0  __scatter.o(!!!scatter)
    __scatterload_null                       0x0800019f   Thumb Code     0  __scatter.o(!!!scatter)
    __scatterload_copy                       0x080001c5   Thumb Code    26  __scatter_copy.o(!!handler_copy)
    __scatterload_zeroinit                   0x080001e1   Thumb Code    28  __scatter_zi.o(!!handler_zi)
    __rt_lib_init                            0x080001fd   Thumb Code     0  libinit.o(.ARM.Collect$$libinit$$00000000)
    __rt_lib_init_fp_1                       0x080001ff   Thumb Code     0  libinit2.o(.ARM.Collect$$libinit$$00000001)
    __rt_lib_init_alloca_1                   0x08000203   Thumb Code     0  libinit2.o(.ARM.Collect$$libinit$$0000002E)
    __rt_lib_init_argv_1                     0x08000203   Thumb Code     0  libinit2.o(.ARM.Collect$$libinit$$0000002C)
    __rt_lib_init_atexit_1                   0x08000203   Thumb Code     0  libinit2.o(.ARM.Collect$$libinit$$0000001B)
    __rt_lib_init_clock_1                    0x08000203   Thumb Code     0  libinit2.o(.ARM.Collect$$libinit$$00000021)
    __rt_lib_init_cpp_1                      0x08000203   Thumb Code     0  libinit2.o(.ARM.Collect$$libinit$$00000032)
    __rt_lib_init_exceptions_1               0x08000203   Thumb Code     0  libinit2.o(.ARM.Collect$$libinit$$00000030)
    __rt_lib_init_fp_trap_1                  0x08000203   Thumb Code     0  libinit2.o(.ARM.Collect$$libinit$$0000001F)
    __rt_lib_init_getenv_1                   0x08000203   Thumb Code     0  libinit2.o(.ARM.Collect$$libinit$$00000023)
    __rt_lib_init_heap_1                     0x08000203   Thumb Code     0  libinit2.o(.ARM.Collect$$libinit$$0000000A)
    __rt_lib_init_lc_collate_1               0x08000203   Thumb Code     0  libinit2.o(.ARM.Collect$$libinit$$00000011)
    __rt_lib_init_lc_ctype_1                 0x08000203   Thumb Code     0  libinit2.o(.ARM.Collect$$libinit$$00000013)
    __rt_lib_init_lc_monetary_1              0x08000203   Thumb Code     0  libinit2.o(.ARM.Collect$$libinit$$00000015)
    __rt_lib_init_lc_numeric_1               0x08000203   Thumb Code     0  libinit2.o(.ARM.Collect$$libinit$$00000017)
    __rt_lib_init_lc_time_1                  0x08000203   Thumb Code     0  libinit2.o(.ARM.Collect$$libinit$$00000019)
    __rt_lib_init_preinit_1                  0x08000203   Thumb Code     0  libinit2.o(.ARM.Collect$$libinit$$00000004)
    __rt_lib_init_rand_1                     0x08000203   Thumb Code     0  libinit2.o(.ARM.Collect$$libinit$$0000000E)
    __rt_lib_init_return                     0x08000203   Thumb Code     0  libinit2.o(.ARM.Collect$$libinit$$00000033)
    __rt_lib_init_signal_1                   0x08000203   Thumb Code     0  libinit2.o(.ARM.Collect$$libinit$$0000001D)
    __rt_lib_init_stdio_1                    0x08000203   Thumb Code     0  libinit2.o(.ARM.Collect$$libinit$$00000025)
    __rt_lib_init_user_alloc_1               0x08000203   Thumb Code     0  libinit2.o(.ARM.Collect$$libinit$$0000000C)
    __rt_lib_shutdown                        0x08000205   Thumb Code     0  libshutdown.o(.ARM.Collect$$libshutdown$$00000000)
    __rt_lib_shutdown_cpp_1                  0x08000207   Thumb Code     0  libshutdown2.o(.ARM.Collect$$libshutdown$$00000002)
    __rt_lib_shutdown_fp_trap_1              0x08000207   Thumb Code     0  libshutdown2.o(.ARM.Collect$$libshutdown$$00000007)
    __rt_lib_shutdown_heap_1                 0x08000207   Thumb Code     0  libshutdown2.o(.ARM.Collect$$libshutdown$$0000000F)
    __rt_lib_shutdown_return                 0x08000207   Thumb Code     0  libshutdown2.o(.ARM.Collect$$libshutdown$$00000010)
    __rt_lib_shutdown_signal_1               0x08000207   Thumb Code     0  libshutdown2.o(.ARM.Collect$$libshutdown$$0000000A)
    __rt_lib_shutdown_stdio_1                0x08000207   Thumb Code     0  libshutdown2.o(.ARM.Collect$$libshutdown$$00000004)
    __rt_lib_shutdown_user_alloc_1           0x08000207   Thumb Code     0  libshutdown2.o(.ARM.Collect$$libshutdown$$0000000C)
    __rt_entry                               0x08000209   Thumb Code     0  __rtentry.o(.ARM.Collect$$rtentry$$00000000)
    __rt_entry_presh_1                       0x08000209   Thumb Code     0  __rtentry2.o(.ARM.Collect$$rtentry$$00000002)
    __rt_entry_sh                            0x08000209   Thumb Code     0  __rtentry4.o(.ARM.Collect$$rtentry$$00000004)
    __rt_entry_li                            0x0800020f   Thumb Code     0  __rtentry2.o(.ARM.Collect$$rtentry$$0000000A)
    __rt_entry_postsh_1                      0x0800020f   Thumb Code     0  __rtentry2.o(.ARM.Collect$$rtentry$$00000009)
    __rt_entry_main                          0x08000213   Thumb Code     0  __rtentry2.o(.ARM.Collect$$rtentry$$0000000D)
    __rt_entry_postli_1                      0x08000213   Thumb Code     0  __rtentry2.o(.ARM.Collect$$rtentry$$0000000C)
    __rt_exit                                0x0800021b   Thumb Code     0  rtexit.o(.ARM.Collect$$rtexit$$00000000)
    __rt_exit_ls                             0x0800021d   Thumb Code     0  rtexit2.o(.ARM.Collect$$rtexit$$00000003)
    __rt_exit_prels_1                        0x0800021d   Thumb Code     0  rtexit2.o(.ARM.Collect$$rtexit$$00000002)
    __rt_exit_exit                           0x08000221   Thumb Code     0  rtexit2.o(.ARM.Collect$$rtexit$$00000004)
    NMI_Handler                              0x08000227   Thumb Code     2  stm32f4xx_it.o(.text)
    HardFault_Handler                        0x08000229   Thumb Code     4  stm32f4xx_it.o(.text)
    MemManage_Handler                        0x0800022d   Thumb Code     4  stm32f4xx_it.o(.text)
    BusFault_Handler                         0x08000231   Thumb Code     4  stm32f4xx_it.o(.text)
    UsageFault_Handler                       0x08000235   Thumb Code     4  stm32f4xx_it.o(.text)
    SVC_Handler                              0x08000239   Thumb Code     2  stm32f4xx_it.o(.text)
    DebugMon_Handler                         0x0800023b   Thumb Code     2  stm32f4xx_it.o(.text)
    PendSV_Handler                           0x0800023d   Thumb Code     2  stm32f4xx_it.o(.text)
    SysTick_Handler                          0x0800023f   Thumb Code     2  stm32f4xx_it.o(.text)
    SystemInit                               0x0800031d   Thumb Code    88  system_stm32f4xx.o(.text)
    SystemCoreClockUpdate                    0x08000375   Thumb Code   174  system_stm32f4xx.o(.text)
    main                                     0x08000451   Thumb Code    94  main.o(.text)
    Reset_Handler                            0x080004b9   Thumb Code     8  startup_stm32f40_41xxx.o(.text)
    ADC_IRQHandler                           0x080004d3   Thumb Code     0  startup_stm32f40_41xxx.o(.text)
    CAN1_RX0_IRQHandler                      0x080004d3   Thumb Code     0  startup_stm32f40_41xxx.o(.text)
    CAN1_RX1_IRQHandler                      0x080004d3   Thumb Code     0  startup_stm32f40_41xxx.o(.text)
    CAN1_SCE_IRQHandler                      0x080004d3   Thumb Code     0  startup_stm32f40_41xxx.o(.text)
    CAN1_TX_IRQHandler                       0x080004d3   Thumb Code     0  startup_stm32f40_41xxx.o(.text)
    CAN2_RX0_IRQHandler                      0x080004d3   Thumb Code     0  startup_stm32f40_41xxx.o(.text)
    CAN2_RX1_IRQHandler                      0x080004d3   Thumb Code     0  startup_stm32f40_41xxx.o(.text)
    CAN2_SCE_IRQHandler                      0x080004d3   Thumb Code     0  startup_stm32f40_41xxx.o(.text)
    CAN2_TX_IRQHandler                       0x080004d3   Thumb Code     0  startup_stm32f40_41xxx.o(.text)
    CRYP_IRQHandler                          0x080004d3   Thumb Code     0  startup_stm32f40_41xxx.o(.text)
    DCMI_IRQHandler                          0x080004d3   Thumb Code     0  startup_stm32f40_41xxx.o(.text)
    DMA1_Stream0_IRQHandler                  0x080004d3   Thumb Code     0  startup_stm32f40_41xxx.o(.text)
    DMA1_Stream1_IRQHandler                  0x080004d3   Thumb Code     0  startup_stm32f40_41xxx.o(.text)
    DMA1_Stream2_IRQHandler                  0x080004d3   Thumb Code     0  startup_stm32f40_41xxx.o(.text)
    DMA1_Stream3_IRQHandler                  0x080004d3   Thumb Code     0  startup_stm32f40_41xxx.o(.text)
    DMA1_Stream4_IRQHandler                  0x080004d3   Thumb Code     0  startup_stm32f40_41xxx.o(.text)
    DMA1_Stream5_IRQHandler                  0x080004d3   Thumb Code     0  startup_stm32f40_41xxx.o(.text)
    DMA1_Stream6_IRQHandler                  0x080004d3   Thumb Code     0  startup_stm32f40_41xxx.o(.text)
    DMA1_Stream7_IRQHandler                  0x080004d3   Thumb Code     0  startup_stm32f40_41xxx.o(.text)
    DMA2_Stream0_IRQHandler                  0x080004d3   Thumb Code     0  startup_stm32f40_41xxx.o(.text)
    DMA2_Stream1_IRQHandler                  0x080004d3   Thumb Code     0  startup_stm32f40_41xxx.o(.text)
    DMA2_Stream2_IRQHandler                  0x080004d3   Thumb Code     0  startup_stm32f40_41xxx.o(.text)
    DMA2_Stream3_IRQHandler                  0x080004d3   Thumb Code     0  startup_stm32f40_41xxx.o(.text)
    DMA2_Stream4_IRQHandler                  0x080004d3   Thumb Code     0  startup_stm32f40_41xxx.o(.text)
    DMA2_Stream5_IRQHandler                  0x080004d3   Thumb Code     0  startup_stm32f40_41xxx.o(.text)
    DMA2_Stream6_IRQHandler                  0x080004d3   Thumb Code     0  startup_stm32f40_41xxx.o(.text)
    DMA2_Stream7_IRQHandler                  0x080004d3   Thumb Code     0  startup_stm32f40_41xxx.o(.text)
    ETH_IRQHandler                           0x080004d3   Thumb Code     0  startup_stm32f40_41xxx.o(.text)
    ETH_WKUP_IRQHandler                      0x080004d3   Thumb Code     0  startup_stm32f40_41xxx.o(.text)
    EXTI0_IRQHandler                         0x080004d3   Thumb Code     0  startup_stm32f40_41xxx.o(.text)
    EXTI15_10_IRQHandler                     0x080004d3   Thumb Code     0  startup_stm32f40_41xxx.o(.text)
    EXTI1_IRQHandler                         0x080004d3   Thumb Code     0  startup_stm32f40_41xxx.o(.text)
    EXTI2_IRQHandler                         0x080004d3   Thumb Code     0  startup_stm32f40_41xxx.o(.text)
    EXTI3_IRQHandler                         0x080004d3   Thumb Code     0  startup_stm32f40_41xxx.o(.text)
    EXTI4_IRQHandler                         0x080004d3   Thumb Code     0  startup_stm32f40_41xxx.o(.text)
    EXTI9_5_IRQHandler                       0x080004d3   Thumb Code     0  startup_stm32f40_41xxx.o(.text)
    FLASH_IRQHandler                         0x080004d3   Thumb Code     0  startup_stm32f40_41xxx.o(.text)
    FPU_IRQHandler                           0x080004d3   Thumb Code     0  startup_stm32f40_41xxx.o(.text)
    FSMC_IRQHandler                          0x080004d3   Thumb Code     0  startup_stm32f40_41xxx.o(.text)
    HASH_RNG_IRQHandler                      0x080004d3   Thumb Code     0  startup_stm32f40_41xxx.o(.text)
    I2C1_ER_IRQHandler                       0x080004d3   Thumb Code     0  startup_stm32f40_41xxx.o(.text)
    I2C1_EV_IRQHandler                       0x080004d3   Thumb Code     0  startup_stm32f40_41xxx.o(.text)
    I2C2_ER_IRQHandler                       0x080004d3   Thumb Code     0  startup_stm32f40_41xxx.o(.text)
    I2C2_EV_IRQHandler                       0x080004d3   Thumb Code     0  startup_stm32f40_41xxx.o(.text)
    I2C3_ER_IRQHandler                       0x080004d3   Thumb Code     0  startup_stm32f40_41xxx.o(.text)
    I2C3_EV_IRQHandler                       0x080004d3   Thumb Code     0  startup_stm32f40_41xxx.o(.text)
    OTG_FS_IRQHandler                        0x080004d3   Thumb Code     0  startup_stm32f40_41xxx.o(.text)
    OTG_FS_WKUP_IRQHandler                   0x080004d3   Thumb Code     0  startup_stm32f40_41xxx.o(.text)
    OTG_HS_EP1_IN_IRQHandler                 0x080004d3   Thumb Code     0  startup_stm32f40_41xxx.o(.text)
    OTG_HS_EP1_OUT_IRQHandler                0x080004d3   Thumb Code     0  startup_stm32f40_41xxx.o(.text)
    OTG_HS_IRQHandler                        0x080004d3   Thumb Code     0  startup_stm32f40_41xxx.o(.text)
    OTG_HS_WKUP_IRQHandler                   0x080004d3   Thumb Code     0  startup_stm32f40_41xxx.o(.text)
    PVD_IRQHandler                           0x080004d3   Thumb Code     0  startup_stm32f40_41xxx.o(.text)
    RCC_IRQHandler                           0x080004d3   Thumb Code     0  startup_stm32f40_41xxx.o(.text)
    RTC_Alarm_IRQHandler                     0x080004d3   Thumb Code     0  startup_stm32f40_41xxx.o(.text)
    RTC_WKUP_IRQHandler                      0x080004d3   Thumb Code     0  startup_stm32f40_41xxx.o(.text)
    SDIO_IRQHandler                          0x080004d3   Thumb Code     0  startup_stm32f40_41xxx.o(.text)
    SPI1_IRQHandler                          0x080004d3   Thumb Code     0  startup_stm32f40_41xxx.o(.text)
    SPI2_IRQHandler                          0x080004d3   Thumb Code     0  startup_stm32f40_41xxx.o(.text)
    SPI3_IRQHandler                          0x080004d3   Thumb Code     0  startup_stm32f40_41xxx.o(.text)
    TAMP_STAMP_IRQHandler                    0x080004d3   Thumb Code     0  startup_stm32f40_41xxx.o(.text)
    TIM1_BRK_TIM9_IRQHandler                 0x080004d3   Thumb Code     0  startup_stm32f40_41xxx.o(.text)
    TIM1_CC_IRQHandler                       0x080004d3   Thumb Code     0  startup_stm32f40_41xxx.o(.text)
    TIM1_TRG_COM_TIM11_IRQHandler            0x080004d3   Thumb Code     0  startup_stm32f40_41xxx.o(.text)
    TIM1_UP_TIM10_IRQHandler                 0x080004d3   Thumb Code     0  startup_stm32f40_41xxx.o(.text)
    TIM2_IRQHandler                          0x080004d3   Thumb Code     0  startup_stm32f40_41xxx.o(.text)
    TIM3_IRQHandler                          0x080004d3   Thumb Code     0  startup_stm32f40_41xxx.o(.text)
    TIM4_IRQHandler                          0x080004d3   Thumb Code     0  startup_stm32f40_41xxx.o(.text)
    TIM5_IRQHandler                          0x080004d3   Thumb Code     0  startup_stm32f40_41xxx.o(.text)
    TIM6_DAC_IRQHandler                      0x080004d3   Thumb Code     0  startup_stm32f40_41xxx.o(.text)
    TIM7_IRQHandler                          0x080004d3   Thumb Code     0  startup_stm32f40_41xxx.o(.text)
    TIM8_BRK_TIM12_IRQHandler                0x080004d3   Thumb Code     0  startup_stm32f40_41xxx.o(.text)
    TIM8_CC_IRQHandler                       0x080004d3   Thumb Code     0  startup_stm32f40_41xxx.o(.text)
    TIM8_TRG_COM_TIM14_IRQHandler            0x080004d3   Thumb Code     0  startup_stm32f40_41xxx.o(.text)
    TIM8_UP_TIM13_IRQHandler                 0x080004d3   Thumb Code     0  startup_stm32f40_41xxx.o(.text)
    UART4_IRQHandler                         0x080004d3   Thumb Code     0  startup_stm32f40_41xxx.o(.text)
    UART5_IRQHandler                         0x080004d3   Thumb Code     0  startup_stm32f40_41xxx.o(.text)
    USART2_IRQHandler                        0x080004d3   Thumb Code     0  startup_stm32f40_41xxx.o(.text)
    USART3_IRQHandler                        0x080004d3   Thumb Code     0  startup_stm32f40_41xxx.o(.text)
    USART6_IRQHandler                        0x080004d3   Thumb Code     0  startup_stm32f40_41xxx.o(.text)
    WWDG_IRQHandler                          0x080004d3   Thumb Code     0  startup_stm32f40_41xxx.o(.text)
    __user_initial_stackheap                 0x080004d5   Thumb Code     0  startup_stm32f40_41xxx.o(.text)
    NVIC_PriorityGroupConfig                 0x080004f9   Thumb Code    10  misc.o(.text)
    NVIC_Init                                0x08000503   Thumb Code   106  misc.o(.text)
    NVIC_SetVectorTable                      0x0800056d   Thumb Code    14  misc.o(.text)
    NVIC_SystemLPConfig                      0x0800057b   Thumb Code    34  misc.o(.text)
    SysTick_CLKSourceConfig                  0x0800059d   Thumb Code    40  misc.o(.text)
    GPIO_DeInit                              0x080005d9   Thumb Code   268  stm32f4xx_gpio.o(.text)
    GPIO_Init                                0x080006e5   Thumb Code   144  stm32f4xx_gpio.o(.text)
    GPIO_StructInit                          0x08000775   Thumb Code    18  stm32f4xx_gpio.o(.text)
    GPIO_PinLockConfig                       0x08000787   Thumb Code    34  stm32f4xx_gpio.o(.text)
    GPIO_ReadInputDataBit                    0x080007a9   Thumb Code    18  stm32f4xx_gpio.o(.text)
    GPIO_ReadInputData                       0x080007bb   Thumb Code     8  stm32f4xx_gpio.o(.text)
    GPIO_ReadOutputDataBit                   0x080007c3   Thumb Code    18  stm32f4xx_gpio.o(.text)
    GPIO_ReadOutputData                      0x080007d5   Thumb Code     8  stm32f4xx_gpio.o(.text)
    GPIO_SetBits                             0x080007dd   Thumb Code     4  stm32f4xx_gpio.o(.text)
    GPIO_ResetBits                           0x080007e1   Thumb Code     4  stm32f4xx_gpio.o(.text)
    GPIO_WriteBit                            0x080007e5   Thumb Code    10  stm32f4xx_gpio.o(.text)
    GPIO_Write                               0x080007ef   Thumb Code     4  stm32f4xx_gpio.o(.text)
    GPIO_ToggleBits                          0x080007f3   Thumb Code     8  stm32f4xx_gpio.o(.text)
    GPIO_PinAFConfig                         0x080007fb   Thumb Code    70  stm32f4xx_gpio.o(.text)
    RCC_DeInit                               0x0800086d   Thumb Code    82  stm32f4xx_rcc.o(.text)
    RCC_HSEConfig                            0x080008bf   Thumb Code    14  stm32f4xx_rcc.o(.text)
    RCC_GetFlagStatus                        0x080008cd   Thumb Code    60  stm32f4xx_rcc.o(.text)
    RCC_WaitForHSEStartUp                    0x08000909   Thumb Code    56  stm32f4xx_rcc.o(.text)
    RCC_AdjustHSICalibrationValue            0x08000941   Thumb Code    20  stm32f4xx_rcc.o(.text)
    RCC_HSICmd                               0x08000955   Thumb Code     6  stm32f4xx_rcc.o(.text)
    RCC_LSEConfig                            0x0800095b   Thumb Code    46  stm32f4xx_rcc.o(.text)
    RCC_LSICmd                               0x08000989   Thumb Code     6  stm32f4xx_rcc.o(.text)
    RCC_PLLConfig                            0x0800098f   Thumb Code    32  stm32f4xx_rcc.o(.text)
    RCC_PLLCmd                               0x080009af   Thumb Code     6  stm32f4xx_rcc.o(.text)
    RCC_PLLI2SConfig                         0x080009b5   Thumb Code    14  stm32f4xx_rcc.o(.text)
    RCC_PLLI2SCmd                            0x080009c3   Thumb Code     6  stm32f4xx_rcc.o(.text)
    RCC_PLLSAIConfig                         0x080009c9   Thumb Code    20  stm32f4xx_rcc.o(.text)
    RCC_PLLSAICmd                            0x080009dd   Thumb Code     6  stm32f4xx_rcc.o(.text)
    RCC_ClockSecuritySystemCmd               0x080009e3   Thumb Code     6  stm32f4xx_rcc.o(.text)
    RCC_MCO1Config                           0x080009e9   Thumb Code    28  stm32f4xx_rcc.o(.text)
    RCC_MCO2Config                           0x08000a05   Thumb Code    28  stm32f4xx_rcc.o(.text)
    RCC_SYSCLKConfig                         0x08000a21   Thumb Code    20  stm32f4xx_rcc.o(.text)
    RCC_GetSYSCLKSource                      0x08000a35   Thumb Code    12  stm32f4xx_rcc.o(.text)
    RCC_HCLKConfig                           0x08000a41   Thumb Code    20  stm32f4xx_rcc.o(.text)
    RCC_PCLK1Config                          0x08000a55   Thumb Code    20  stm32f4xx_rcc.o(.text)
    RCC_PCLK2Config                          0x08000a69   Thumb Code    22  stm32f4xx_rcc.o(.text)
    RCC_GetClocksFreq                        0x08000a7f   Thumb Code   222  stm32f4xx_rcc.o(.text)
    RCC_RTCCLKConfig                         0x08000b5d   Thumb Code    54  stm32f4xx_rcc.o(.text)
    RCC_RTCCLKCmd                            0x08000b93   Thumb Code     8  stm32f4xx_rcc.o(.text)
    RCC_BackupResetCmd                       0x08000b9b   Thumb Code     8  stm32f4xx_rcc.o(.text)
    RCC_I2SCLKConfig                         0x08000ba3   Thumb Code     6  stm32f4xx_rcc.o(.text)
    RCC_SAIPLLI2SClkDivConfig                0x08000ba9   Thumb Code    26  stm32f4xx_rcc.o(.text)
    RCC_SAIPLLSAIClkDivConfig                0x08000bc3   Thumb Code    28  stm32f4xx_rcc.o(.text)
    RCC_SAIBlockACLKConfig                   0x08000bdf   Thumb Code    20  stm32f4xx_rcc.o(.text)
    RCC_SAIBlockBCLKConfig                   0x08000bf3   Thumb Code    20  stm32f4xx_rcc.o(.text)
    RCC_LTDCCLKDivConfig                     0x08000c07   Thumb Code    20  stm32f4xx_rcc.o(.text)
    RCC_TIMCLKPresConfig                     0x08000c1b   Thumb Code     6  stm32f4xx_rcc.o(.text)
    RCC_AHB1PeriphClockCmd                   0x08000c21   Thumb Code    34  stm32f4xx_rcc.o(.text)
    RCC_AHB2PeriphClockCmd                   0x08000c43   Thumb Code    78  stm32f4xx_rcc.o(.text)
    RCC_AHB3PeriphClockCmd                   0x08000c91   Thumb Code    34  stm32f4xx_rcc.o(.text)
    RCC_APB1PeriphClockCmd                   0x08000cb3   Thumb Code    34  stm32f4xx_rcc.o(.text)
    RCC_APB2PeriphClockCmd                   0x08000cd5   Thumb Code    34  stm32f4xx_rcc.o(.text)
    RCC_AHB1PeriphResetCmd                   0x08000cf7   Thumb Code    34  stm32f4xx_rcc.o(.text)
    RCC_AHB2PeriphResetCmd                   0x08000d19   Thumb Code    34  stm32f4xx_rcc.o(.text)
    RCC_AHB3PeriphResetCmd                   0x08000d3b   Thumb Code    34  stm32f4xx_rcc.o(.text)
    RCC_APB1PeriphResetCmd                   0x08000d5d   Thumb Code    34  stm32f4xx_rcc.o(.text)
    RCC_APB2PeriphResetCmd                   0x08000d7f   Thumb Code    34  stm32f4xx_rcc.o(.text)
    RCC_AHB1PeriphClockLPModeCmd             0x08000da1   Thumb Code    34  stm32f4xx_rcc.o(.text)
    RCC_AHB2PeriphClockLPModeCmd             0x08000dc3   Thumb Code    34  stm32f4xx_rcc.o(.text)
    RCC_AHB3PeriphClockLPModeCmd             0x08000de5   Thumb Code    34  stm32f4xx_rcc.o(.text)
    RCC_APB1PeriphClockLPModeCmd             0x08000e07   Thumb Code    34  stm32f4xx_rcc.o(.text)
    RCC_APB2PeriphClockLPModeCmd             0x08000e29   Thumb Code    34  stm32f4xx_rcc.o(.text)
    RCC_LSEModeConfig                        0x08000e4b   Thumb Code    40  stm32f4xx_rcc.o(.text)
    RCC_ITConfig                             0x08000e73   Thumb Code    34  stm32f4xx_rcc.o(.text)
    RCC_ClearFlag                            0x08000e95   Thumb Code    18  stm32f4xx_rcc.o(.text)
    RCC_GetITStatus                          0x08000ea7   Thumb Code    22  stm32f4xx_rcc.o(.text)
    RCC_ClearITPendingBit                    0x08000ebd   Thumb Code     8  stm32f4xx_rcc.o(.text)
    USART_DeInit                             0x08000ec9   Thumb Code   206  stm32f4xx_usart.o(.text)
    USART_Init                               0x08000f97   Thumb Code   204  stm32f4xx_usart.o(.text)
    USART_StructInit                         0x08001063   Thumb Code    24  stm32f4xx_usart.o(.text)
    USART_ClockInit                          0x0800107b   Thumb Code    32  stm32f4xx_usart.o(.text)
    USART_ClockStructInit                    0x0800109b   Thumb Code    12  stm32f4xx_usart.o(.text)
    USART_Cmd                                0x080010a7   Thumb Code    24  stm32f4xx_usart.o(.text)
    USART_SetPrescaler                       0x080010bf   Thumb Code    16  stm32f4xx_usart.o(.text)
    USART_OverSampling8Cmd                   0x080010cf   Thumb Code    22  stm32f4xx_usart.o(.text)
    USART_OneBitMethodCmd                    0x080010e5   Thumb Code    24  stm32f4xx_usart.o(.text)
    USART_SendData                           0x080010fd   Thumb Code     8  stm32f4xx_usart.o(.text)
    USART_ReceiveData                        0x08001105   Thumb Code    10  stm32f4xx_usart.o(.text)
    USART_SetAddress                         0x0800110f   Thumb Code    18  stm32f4xx_usart.o(.text)
    USART_ReceiverWakeUpCmd                  0x08001121   Thumb Code    24  stm32f4xx_usart.o(.text)
    USART_WakeUpConfig                       0x08001139   Thumb Code    18  stm32f4xx_usart.o(.text)
    USART_LINBreakDetectLengthConfig         0x0800114b   Thumb Code    18  stm32f4xx_usart.o(.text)
    USART_LINCmd                             0x0800115d   Thumb Code    24  stm32f4xx_usart.o(.text)
    USART_SendBreak                          0x08001175   Thumb Code    10  stm32f4xx_usart.o(.text)
    USART_HalfDuplexCmd                      0x0800117f   Thumb Code    24  stm32f4xx_usart.o(.text)
    USART_SetGuardTime                       0x08001197   Thumb Code    16  stm32f4xx_usart.o(.text)
    USART_SmartCardCmd                       0x080011a7   Thumb Code    24  stm32f4xx_usart.o(.text)
    USART_SmartCardNACKCmd                   0x080011bf   Thumb Code    24  stm32f4xx_usart.o(.text)
    USART_IrDAConfig                         0x080011d7   Thumb Code    18  stm32f4xx_usart.o(.text)
    USART_IrDACmd                            0x080011e9   Thumb Code    24  stm32f4xx_usart.o(.text)
    USART_DMACmd                             0x08001201   Thumb Code    18  stm32f4xx_usart.o(.text)
    USART_ITConfig                           0x08001213   Thumb Code    74  stm32f4xx_usart.o(.text)
    USART_GetFlagStatus                      0x0800125d   Thumb Code    26  stm32f4xx_usart.o(.text)
    USART_ClearFlag                          0x08001277   Thumb Code    18  stm32f4xx_usart.o(.text)
    USART_GetITStatus                        0x08001289   Thumb Code   118  stm32f4xx_usart.o(.text)
    USART_ClearITPendingBit                  0x080012ff   Thumb Code    30  stm32f4xx_usart.o(.text)
    TIM_DeInit                               0x0800131d   Thumb Code   346  stm32f4xx_tim.o(.text)
    TIM_TimeBaseInit                         0x08001477   Thumb Code   104  stm32f4xx_tim.o(.text)
    TIM_TimeBaseStructInit                   0x080014df   Thumb Code    18  stm32f4xx_tim.o(.text)
    TIM_PrescalerConfig                      0x080014f1   Thumb Code     6  stm32f4xx_tim.o(.text)
    TIM_CounterModeConfig                    0x080014f7   Thumb Code    18  stm32f4xx_tim.o(.text)
    TIM_SetCounter                           0x08001509   Thumb Code     4  stm32f4xx_tim.o(.text)
    TIM_SetAutoreload                        0x0800150d   Thumb Code     4  stm32f4xx_tim.o(.text)
    TIM_GetCounter                           0x08001511   Thumb Code     6  stm32f4xx_tim.o(.text)
    TIM_GetPrescaler                         0x08001517   Thumb Code     6  stm32f4xx_tim.o(.text)
    TIM_UpdateDisableConfig                  0x0800151d   Thumb Code    24  stm32f4xx_tim.o(.text)
    TIM_UpdateRequestConfig                  0x08001535   Thumb Code    24  stm32f4xx_tim.o(.text)
    TIM_ARRPreloadConfig                     0x0800154d   Thumb Code    24  stm32f4xx_tim.o(.text)
    TIM_SelectOnePulseMode                   0x08001565   Thumb Code    18  stm32f4xx_tim.o(.text)
    TIM_SetClockDivision                     0x08001577   Thumb Code    18  stm32f4xx_tim.o(.text)
    TIM_Cmd                                  0x08001589   Thumb Code    24  stm32f4xx_tim.o(.text)
    TIM_OC1Init                              0x080015a1   Thumb Code   114  stm32f4xx_tim.o(.text)
    TIM_OC2Init                              0x08001613   Thumb Code   154  stm32f4xx_tim.o(.text)
    TIM_OC3Init                              0x080016ad   Thumb Code   204  stm32f4xx_tim.o(.text)
    TIM_OC4Init                              0x08001779   Thumb Code   112  stm32f4xx_tim.o(.text)
    TIM_OCStructInit                         0x080017e9   Thumb Code    20  stm32f4xx_tim.o(.text)
    TIM_SelectOCxM                           0x080017fd   Thumb Code    86  stm32f4xx_tim.o(.text)
    TIM_SetCompare1                          0x08001853   Thumb Code     4  stm32f4xx_tim.o(.text)
    TIM_SetCompare2                          0x08001857   Thumb Code     4  stm32f4xx_tim.o(.text)
    TIM_SetCompare3                          0x0800185b   Thumb Code     4  stm32f4xx_tim.o(.text)
    TIM_SetCompare4                          0x0800185f   Thumb Code     4  stm32f4xx_tim.o(.text)
    TIM_ForcedOC1Config                      0x08001863   Thumb Code    18  stm32f4xx_tim.o(.text)
    TIM_ForcedOC2Config                      0x08001875   Thumb Code    26  stm32f4xx_tim.o(.text)
    TIM_ForcedOC3Config                      0x0800188f   Thumb Code    18  stm32f4xx_tim.o(.text)
    TIM_ForcedOC4Config                      0x080018a1   Thumb Code    26  stm32f4xx_tim.o(.text)
    TIM_OC1PreloadConfig                     0x080018bb   Thumb Code    18  stm32f4xx_tim.o(.text)
    TIM_OC2PreloadConfig                     0x080018cd   Thumb Code    26  stm32f4xx_tim.o(.text)
    TIM_OC3PreloadConfig                     0x080018e7   Thumb Code    18  stm32f4xx_tim.o(.text)
    TIM_OC4PreloadConfig                     0x080018f9   Thumb Code    26  stm32f4xx_tim.o(.text)
    TIM_OC1FastConfig                        0x08001913   Thumb Code    18  stm32f4xx_tim.o(.text)
    TIM_OC2FastConfig                        0x08001925   Thumb Code    26  stm32f4xx_tim.o(.text)
    TIM_OC3FastConfig                        0x0800193f   Thumb Code    18  stm32f4xx_tim.o(.text)
    TIM_OC4FastConfig                        0x08001951   Thumb Code    26  stm32f4xx_tim.o(.text)
    TIM_ClearOC1Ref                          0x0800196b   Thumb Code    18  stm32f4xx_tim.o(.text)
    TIM_ClearOC2Ref                          0x0800197d   Thumb Code    24  stm32f4xx_tim.o(.text)
    TIM_ClearOC3Ref                          0x08001995   Thumb Code    18  stm32f4xx_tim.o(.text)
    TIM_ClearOC4Ref                          0x080019a7   Thumb Code    24  stm32f4xx_tim.o(.text)
    TIM_OC1PolarityConfig                    0x080019bf   Thumb Code    18  stm32f4xx_tim.o(.text)
    TIM_OC1NPolarityConfig                   0x080019d1   Thumb Code    18  stm32f4xx_tim.o(.text)
    TIM_OC2PolarityConfig                    0x080019e3   Thumb Code    26  stm32f4xx_tim.o(.text)
    TIM_OC2NPolarityConfig                   0x080019fd   Thumb Code    26  stm32f4xx_tim.o(.text)
    TIM_OC3PolarityConfig                    0x08001a17   Thumb Code    26  stm32f4xx_tim.o(.text)
    TIM_OC3NPolarityConfig                   0x08001a31   Thumb Code    26  stm32f4xx_tim.o(.text)
    TIM_OC4PolarityConfig                    0x08001a4b   Thumb Code    26  stm32f4xx_tim.o(.text)
    TIM_CCxCmd                               0x08001a65   Thumb Code    30  stm32f4xx_tim.o(.text)
    TIM_CCxNCmd                              0x08001a83   Thumb Code    30  stm32f4xx_tim.o(.text)
    TIM_SetIC4Prescaler                      0x08001aa1   Thumb Code    26  stm32f4xx_tim.o(.text)
    TIM_SetIC3Prescaler                      0x08001b0b   Thumb Code    18  stm32f4xx_tim.o(.text)
    TIM_SetIC2Prescaler                      0x08001b65   Thumb Code    26  stm32f4xx_tim.o(.text)
    TIM_SetIC1Prescaler                      0x08001bd9   Thumb Code    18  stm32f4xx_tim.o(.text)
    TIM_ICInit                               0x08001c25   Thumb Code   110  stm32f4xx_tim.o(.text)
    TIM_ICStructInit                         0x08001c93   Thumb Code    18  stm32f4xx_tim.o(.text)
    TIM_PWMIConfig                           0x08001ca5   Thumb Code   124  stm32f4xx_tim.o(.text)
    TIM_GetCapture1                          0x08001d21   Thumb Code     6  stm32f4xx_tim.o(.text)
    TIM_GetCapture2                          0x08001d27   Thumb Code     6  stm32f4xx_tim.o(.text)
    TIM_GetCapture3                          0x08001d2d   Thumb Code     6  stm32f4xx_tim.o(.text)
    TIM_GetCapture4                          0x08001d33   Thumb Code     6  stm32f4xx_tim.o(.text)
    TIM_BDTRConfig                           0x08001d39   Thumb Code    32  stm32f4xx_tim.o(.text)
    TIM_BDTRStructInit                       0x08001d59   Thumb Code    18  stm32f4xx_tim.o(.text)
    TIM_CtrlPWMOutputs                       0x08001d6b   Thumb Code    30  stm32f4xx_tim.o(.text)
    TIM_SelectCOM                            0x08001d89   Thumb Code    24  stm32f4xx_tim.o(.text)
    TIM_CCPreloadControl                     0x08001da1   Thumb Code    24  stm32f4xx_tim.o(.text)
    TIM_ITConfig                             0x08001db9   Thumb Code    18  stm32f4xx_tim.o(.text)
    TIM_GenerateEvent                        0x08001dcb   Thumb Code     4  stm32f4xx_tim.o(.text)
    TIM_GetFlagStatus                        0x08001dcf   Thumb Code    18  stm32f4xx_tim.o(.text)
    TIM_ClearFlag                            0x08001de1   Thumb Code     6  stm32f4xx_tim.o(.text)
    TIM_GetITStatus                          0x08001de7   Thumb Code    34  stm32f4xx_tim.o(.text)
    TIM_ClearITPendingBit                    0x08001e09   Thumb Code     6  stm32f4xx_tim.o(.text)
    TIM_DMAConfig                            0x08001e0f   Thumb Code    10  stm32f4xx_tim.o(.text)
    TIM_DMACmd                               0x08001e19   Thumb Code    18  stm32f4xx_tim.o(.text)
    TIM_SelectCCDMA                          0x08001e2b   Thumb Code    24  stm32f4xx_tim.o(.text)
    TIM_InternalClockConfig                  0x08001e43   Thumb Code    12  stm32f4xx_tim.o(.text)
    TIM_SelectInputTrigger                   0x08001e4f   Thumb Code    18  stm32f4xx_tim.o(.text)
    TIM_ITRxExternalClockConfig              0x08001e61   Thumb Code    24  stm32f4xx_tim.o(.text)
    TIM_TIxExternalClockConfig               0x08001e79   Thumb Code    62  stm32f4xx_tim.o(.text)
    TIM_ETRConfig                            0x08001eb7   Thumb Code    28  stm32f4xx_tim.o(.text)
    TIM_ETRClockMode1Config                  0x08001ed3   Thumb Code    54  stm32f4xx_tim.o(.text)
    TIM_ETRClockMode2Config                  0x08001f09   Thumb Code    32  stm32f4xx_tim.o(.text)
    TIM_SelectOutputTrigger                  0x08001f29   Thumb Code    18  stm32f4xx_tim.o(.text)
    TIM_SelectSlaveMode                      0x08001f3b   Thumb Code    18  stm32f4xx_tim.o(.text)
    TIM_SelectMasterSlaveMode                0x08001f4d   Thumb Code    18  stm32f4xx_tim.o(.text)
    TIM_EncoderInterfaceConfig               0x08001f5f   Thumb Code    66  stm32f4xx_tim.o(.text)
    TIM_SelectHallSensor                     0x08001fa1   Thumb Code    24  stm32f4xx_tim.o(.text)
    TIM_RemapConfig                          0x08001fb9   Thumb Code     6  stm32f4xx_tim.o(.text)
    delay_init                               0x08001fc1   Thumb Code    52  delay.o(.text)
    delay_us                                 0x08001ff5   Thumb Code    72  delay.o(.text)
    delay_xms                                0x0800203d   Thumb Code    72  delay.o(.text)
    delay_ms                                 0x08002085   Thumb Code    56  delay.o(.text)
    _sys_exit                                0x080020c5   Thumb Code     6  usart_gy.o(.text)
    fputc                                    0x080020cb   Thumb Code    22  usart_gy.o(.text)
    uart_init                                0x080020e1   Thumb Code   164  usart_gy.o(.text)
    USART1_IRQHandler                        0x08002185   Thumb Code     4  usart_gy.o(.text)
    PWMConfig                                0x08002191   Thumb Code   630  pwm_init.o(.text)
    PWM_Enable                               0x08002407   Thumb Code    36  pwm_init.o(.text)
    Angle                                    0x0800242b   Thumb Code   242  pwm_init.o(.text)
    RCC_Config                               0x08002539   Thumb Code   100  rcc_config.o(.text)
    Inverse_Kinematic                        0x0800259d   Thumb Code   938  matrix_inverse_solution.o(.text)
    InitRobotPosion                          0x08002947   Thumb Code   232  matrix_inverse_solution.o(.text)
    Position_Genarate                        0x08002a2f   Thumb Code  2376  matrix_inverse_solution.o(.text)
    FullStepCycle                            0x08003377   Thumb Code   454  matrix_inverse_solution.o(.text)
    __use_no_semihosting                     0x08003575   Thumb Code     2  use_no_semi_2.o(.text)
    __2printf                                0x08003579   Thumb Code    20  noretval__2printf.o(.text)
    __use_two_region_memory                  0x08003591   Thumb Code     2  heapauxi.o(.text)
    __rt_heap_escrow$2region                 0x08003593   Thumb Code     2  heapauxi.o(.text)
    __rt_heap_expand$2region                 0x08003595   Thumb Code     2  heapauxi.o(.text)
    __I$use$semihosting                      0x08003597   Thumb Code     0  use_no_semi.o(.text)
    __use_no_semihosting_swi                 0x08003597   Thumb Code     2  use_no_semi.o(.text)
    __read_errno                             0x08003599   Thumb Code    10  _rserrno.o(.text)
    __set_errno                              0x080035a3   Thumb Code    12  _rserrno.o(.text)
    _printf_char_file                        0x080035b1   Thumb Code    32  _printf_char_file.o(.text)
    __aeabi_errno_addr                       0x080035d5   Thumb Code     8  rt_errno_addr_intlibspace.o(.text)
    __errno$intlibspace                      0x080035d5   Thumb Code     0  rt_errno_addr_intlibspace.o(.text)
    __rt_errno_addr$intlibspace              0x080035d5   Thumb Code     0  rt_errno_addr_intlibspace.o(.text)
    _printf_char_common                      0x080035e7   Thumb Code    32  _printf_char_common.o(.text)
    ferror                                   0x0800360d   Thumb Code     8  ferror.o(.text)
    __user_libspace                          0x08003615   Thumb Code     8  libspace.o(.text)
    __user_perproc_libspace                  0x08003615   Thumb Code     0  libspace.o(.text)
    __user_perthread_libspace                0x08003615   Thumb Code     0  libspace.o(.text)
    __user_setup_stackheap                   0x0800361d   Thumb Code    74  sys_stackheap_outer.o(.text)
    __printf                                 0x08003667   Thumb Code    40  __printf_nopercent.o(.text)
    exit                                     0x0800368f   Thumb Code    18  exit.o(.text)
    __ARM_fpclassify                         0x080036a1   Thumb Code    48  fpclassify.o(i.__ARM_fpclassify)
    __hardfp_asin                            0x080036d1   Thumb Code   770  asin.o(i.__hardfp_asin)
    __hardfp_atan                            0x08003a31   Thumb Code   622  atan.o(i.__hardfp_atan)
    __hardfp_atan2                           0x08003d09   Thumb Code   432  atan2.o(i.__hardfp_atan2)
    __hardfp_sqrt                            0x08003ef9   Thumb Code   122  sqrt.o(i.__hardfp_sqrt)
    __kernel_poly                            0x08003f73   Thumb Code   248  poly.o(i.__kernel_poly)
    __mathlib_dbl_infnan                     0x0800406b   Thumb Code    20  dunder.o(i.__mathlib_dbl_infnan)
    __mathlib_dbl_infnan2                    0x0800407f   Thumb Code    20  dunder.o(i.__mathlib_dbl_infnan2)
    __mathlib_dbl_invalid                    0x08004099   Thumb Code    24  dunder.o(i.__mathlib_dbl_invalid)
    __mathlib_dbl_underflow                  0x080040b9   Thumb Code    24  dunder.o(i.__mathlib_dbl_underflow)
    atan                                     0x080040d9   Thumb Code    16  atan.o(i.atan)
    fabs                                     0x080040e9   Thumb Code    24  fabs.o(i.fabs)
    sqrt                                     0x08004101   Thumb Code   110  sqrt.o(i.sqrt)
    __aeabi_dneg                             0x0800416f   Thumb Code     0  basic.o(x$fpl$basic)
    _dneg                                    0x0800416f   Thumb Code     6  basic.o(x$fpl$basic)
    __aeabi_fneg                             0x08004175   Thumb Code     0  basic.o(x$fpl$basic)
    _fneg                                    0x08004175   Thumb Code     6  basic.o(x$fpl$basic)
    _dabs                                    0x0800417b   Thumb Code     6  basic.o(x$fpl$basic)
    _fabs                                    0x08004181   Thumb Code     6  basic.o(x$fpl$basic)
    __aeabi_d2f                              0x08004189   Thumb Code     0  d2f.o(x$fpl$d2f)
    _d2f                                     0x08004189   Thumb Code    98  d2f.o(x$fpl$d2f)
    __aeabi_dadd                             0x080041ed   Thumb Code     0  daddsub_clz.o(x$fpl$dadd)
    _dadd                                    0x080041ed   Thumb Code   332  daddsub_clz.o(x$fpl$dadd)
    __aeabi_ddiv                             0x0800433d   Thumb Code     0  ddiv.o(x$fpl$ddiv)
    _ddiv                                    0x0800433d   Thumb Code   552  ddiv.o(x$fpl$ddiv)
    __aeabi_d2iz                             0x080045ed   Thumb Code     0  dfix.o(x$fpl$dfix)
    _dfix                                    0x080045ed   Thumb Code    94  dfix.o(x$fpl$dfix)
    __aeabi_dmul                             0x0800464d   Thumb Code     0  dmul.o(x$fpl$dmul)
    _dmul                                    0x0800464d   Thumb Code   332  dmul.o(x$fpl$dmul)
    __fpl_dnaninf                            0x080047a1   Thumb Code   156  dnaninf.o(x$fpl$dnaninf)
    __fpl_dretinf                            0x0800483d   Thumb Code    12  dretinf.o(x$fpl$dretinf)
    __aeabi_drsub                            0x08004849   Thumb Code     0  daddsub_clz.o(x$fpl$drsb)
    _drsb                                    0x08004849   Thumb Code    22  daddsub_clz.o(x$fpl$drsb)
    _dsqrt                                   0x08004861   Thumb Code   404  dsqrt_umaal.o(x$fpl$dsqrt)
    __aeabi_dsub                             0x080049f9   Thumb Code     0  daddsub_clz.o(x$fpl$dsub)
    _dsub                                    0x080049f9   Thumb Code   464  daddsub_clz.o(x$fpl$dsub)
    __aeabi_f2d                              0x08004bcd   Thumb Code     0  f2d.o(x$fpl$f2d)
    _f2d                                     0x08004bcd   Thumb Code    86  f2d.o(x$fpl$f2d)
    __fpl_fnaninf                            0x08004c23   Thumb Code   140  fnaninf.o(x$fpl$fnaninf)
    _fp_init                                 0x08004caf   Thumb Code    10  fpinit.o(x$fpl$fpinit)
    __fplib_config_fpu_vfp                   0x08004cb7   Thumb Code     0  fpinit.o(x$fpl$fpinit)
    __fplib_config_pureend_doubles           0x08004cb7   Thumb Code     0  fpinit.o(x$fpl$fpinit)
    __fpl_fretinf                            0x08004cb9   Thumb Code    10  fretinf.o(x$fpl$fretinf)
    __I$use$fp                               0x08004cc2   Number         0  usenofp.o(x$fpl$usenofp)
    __mathlib_zero                           0x08004db0   Data           8  qnan.o(.constdata)
    Region$$Table$$Base                      0x08004db8   Number         0  anon$$obj.o(Region$$Table)
    Region$$Table$$Limit                     0x08004dd8   Number         0  anon$$obj.o(Region$$Table)
    SystemCoreClock                          0x20000000   Data           4  system_stm32f4xx.o(.data)
    AHBPrescTable                            0x20000004   Data          16  system_stm32f4xx.o(.data)
    __stdout                                 0x20000028   Data           4  usart_gy.o(.data)
    USART_RX_STA                             0x2000002c   Data           2  usart_gy.o(.data)
    KMGecko                                  0x20000030   Data       38448  matrix_inverse_solution.o(.bss)
    __libspace_start                         0x20009660   Data          96  libspace.o(.bss)
    __temporary_stack_top$libspace           0x200096c0   Data           0  libspace.o(.bss)



==============================================================================

Memory Map of the image

  Image Entry point : 0x08000189

  Load Region LR_IROM1 (Base: 0x08000000, Size: 0x00004e08, Max: 0x00100000, ABSOLUTE)

    Execution Region ER_IROM1 (Base: 0x08000000, Size: 0x00004dd8, Max: 0x00100000, ABSOLUTE)

    Base Addr    Size         Type   Attr      Idx    E Section Name        Object

    0x08000000   0x00000188   Data   RO          229    RESET               startup_stm32f40_41xxx.o
    0x08000188   0x00000008   Code   RO          524  * !!!main             c_w.l(__main.o)
    0x08000190   0x00000034   Code   RO          810    !!!scatter          c_w.l(__scatter.o)
    0x080001c4   0x0000001a   Code   RO          812    !!handler_copy      c_w.l(__scatter_copy.o)
    0x080001de   0x00000002   PAD
    0x080001e0   0x0000001c   Code   RO          814    !!handler_zi        c_w.l(__scatter_zi.o)
    0x080001fc   0x00000002   Code   RO          687    .ARM.Collect$$libinit$$00000000  c_w.l(libinit.o)
    0x080001fe   0x00000004   Code   RO          690    .ARM.Collect$$libinit$$00000001  c_w.l(libinit2.o)
    0x08000202   0x00000000   Code   RO          693    .ARM.Collect$$libinit$$00000004  c_w.l(libinit2.o)
    0x08000202   0x00000000   Code   RO          696    .ARM.Collect$$libinit$$0000000A  c_w.l(libinit2.o)
    0x08000202   0x00000000   Code   RO          698    .ARM.Collect$$libinit$$0000000C  c_w.l(libinit2.o)
    0x08000202   0x00000000   Code   RO          700    .ARM.Collect$$libinit$$0000000E  c_w.l(libinit2.o)
    0x08000202   0x00000000   Code   RO          703    .ARM.Collect$$libinit$$00000011  c_w.l(libinit2.o)
    0x08000202   0x00000000   Code   RO          705    .ARM.Collect$$libinit$$00000013  c_w.l(libinit2.o)
    0x08000202   0x00000000   Code   RO          707    .ARM.Collect$$libinit$$00000015  c_w.l(libinit2.o)
    0x08000202   0x00000000   Code   RO          709    .ARM.Collect$$libinit$$00000017  c_w.l(libinit2.o)
    0x08000202   0x00000000   Code   RO          711    .ARM.Collect$$libinit$$00000019  c_w.l(libinit2.o)
    0x08000202   0x00000000   Code   RO          713    .ARM.Collect$$libinit$$0000001B  c_w.l(libinit2.o)
    0x08000202   0x00000000   Code   RO          715    .ARM.Collect$$libinit$$0000001D  c_w.l(libinit2.o)
    0x08000202   0x00000000   Code   RO          717    .ARM.Collect$$libinit$$0000001F  c_w.l(libinit2.o)
    0x08000202   0x00000000   Code   RO          719    .ARM.Collect$$libinit$$00000021  c_w.l(libinit2.o)
    0x08000202   0x00000000   Code   RO          721    .ARM.Collect$$libinit$$00000023  c_w.l(libinit2.o)
    0x08000202   0x00000000   Code   RO          723    .ARM.Collect$$libinit$$00000025  c_w.l(libinit2.o)
    0x08000202   0x00000000   Code   RO          727    .ARM.Collect$$libinit$$0000002C  c_w.l(libinit2.o)
    0x08000202   0x00000000   Code   RO          729    .ARM.Collect$$libinit$$0000002E  c_w.l(libinit2.o)
    0x08000202   0x00000000   Code   RO          731    .ARM.Collect$$libinit$$00000030  c_w.l(libinit2.o)
    0x08000202   0x00000000   Code   RO          733    .ARM.Collect$$libinit$$00000032  c_w.l(libinit2.o)
    0x08000202   0x00000002   Code   RO          734    .ARM.Collect$$libinit$$00000033  c_w.l(libinit2.o)
    0x08000204   0x00000002   Code   RO          752    .ARM.Collect$$libshutdown$$00000000  c_w.l(libshutdown.o)
    0x08000206   0x00000000   Code   RO          762    .ARM.Collect$$libshutdown$$00000002  c_w.l(libshutdown2.o)
    0x08000206   0x00000000   Code   RO          764    .ARM.Collect$$libshutdown$$00000004  c_w.l(libshutdown2.o)
    0x08000206   0x00000000   Code   RO          767    .ARM.Collect$$libshutdown$$00000007  c_w.l(libshutdown2.o)
    0x08000206   0x00000000   Code   RO          770    .ARM.Collect$$libshutdown$$0000000A  c_w.l(libshutdown2.o)
    0x08000206   0x00000000   Code   RO          772    .ARM.Collect$$libshutdown$$0000000C  c_w.l(libshutdown2.o)
    0x08000206   0x00000000   Code   RO          775    .ARM.Collect$$libshutdown$$0000000F  c_w.l(libshutdown2.o)
    0x08000206   0x00000002   Code   RO          776    .ARM.Collect$$libshutdown$$00000010  c_w.l(libshutdown2.o)
    0x08000208   0x00000000   Code   RO          586    .ARM.Collect$$rtentry$$00000000  c_w.l(__rtentry.o)
    0x08000208   0x00000000   Code   RO          646    .ARM.Collect$$rtentry$$00000002  c_w.l(__rtentry2.o)
    0x08000208   0x00000006   Code   RO          658    .ARM.Collect$$rtentry$$00000004  c_w.l(__rtentry4.o)
    0x0800020e   0x00000000   Code   RO          648    .ARM.Collect$$rtentry$$00000009  c_w.l(__rtentry2.o)
    0x0800020e   0x00000004   Code   RO          649    .ARM.Collect$$rtentry$$0000000A  c_w.l(__rtentry2.o)
    0x08000212   0x00000000   Code   RO          651    .ARM.Collect$$rtentry$$0000000C  c_w.l(__rtentry2.o)
    0x08000212   0x00000008   Code   RO          652    .ARM.Collect$$rtentry$$0000000D  c_w.l(__rtentry2.o)
    0x0800021a   0x00000002   Code   RO          688    .ARM.Collect$$rtexit$$00000000  c_w.l(rtexit.o)
    0x0800021c   0x00000000   Code   RO          736    .ARM.Collect$$rtexit$$00000002  c_w.l(rtexit2.o)
    0x0800021c   0x00000004   Code   RO          737    .ARM.Collect$$rtexit$$00000003  c_w.l(rtexit2.o)
    0x08000220   0x00000006   Code   RO          738    .ARM.Collect$$rtexit$$00000004  c_w.l(rtexit2.o)
    0x08000226   0x0000001a   Code   RO            3    .text               stm32f4xx_it.o
    0x08000240   0x00000210   Code   RO          133    .text               system_stm32f4xx.o
    0x08000450   0x00000068   Code   RO          159    .text               main.o
    0x080004b8   0x00000040   Code   RO          230    .text               startup_stm32f40_41xxx.o
    0x080004f8   0x000000e0   Code   RO          236    .text               misc.o
    0x080005d8   0x00000294   Code   RO          256    .text               stm32f4xx_gpio.o
    0x0800086c   0x0000065c   Code   RO          276    .text               stm32f4xx_rcc.o
    0x08000ec8   0x00000454   Code   RO          298    .text               stm32f4xx_usart.o
    0x0800131c   0x00000ca2   Code   RO          358    .text               stm32f4xx_tim.o
    0x08001fbe   0x00000002   PAD
    0x08001fc0   0x00000104   Code   RO          396    .text               delay.o
    0x080020c4   0x000000cc   Code   RO          418    .text               usart_gy.o
    0x08002190   0x000003a8   Code   RO          449    .text               pwm_init.o
    0x08002538   0x00000064   Code   RO          469    .text               rcc_config.o
    0x0800259c   0x00000fd8   Code   RO          489    .text               matrix_inverse_solution.o
    0x08003574   0x00000002   Code   RO          516    .text               c_w.l(use_no_semi_2.o)
    0x08003576   0x00000002   PAD
    0x08003578   0x00000018   Code   RO          520    .text               c_w.l(noretval__2printf.o)
    0x08003590   0x00000006   Code   RO          522    .text               c_w.l(heapauxi.o)
    0x08003596   0x00000002   Code   RO          584    .text               c_w.l(use_no_semi.o)
    0x08003598   0x00000016   Code   RO          587    .text               c_w.l(_rserrno.o)
    0x080035ae   0x00000002   PAD
    0x080035b0   0x00000024   Code   RO          589    .text               c_w.l(_printf_char_file.o)
    0x080035d4   0x00000008   Code   RO          663    .text               c_w.l(rt_errno_addr_intlibspace.o)
    0x080035dc   0x00000030   Code   RO          665    .text               c_w.l(_printf_char_common.o)
    0x0800360c   0x00000008   Code   RO          667    .text               c_w.l(ferror.o)
    0x08003614   0x00000008   Code   RO          673    .text               c_w.l(libspace.o)
    0x0800361c   0x0000004a   Code   RO          676    .text               c_w.l(sys_stackheap_outer.o)
    0x08003666   0x00000028   Code   RO          678    .text               c_w.l(__printf_nopercent.o)
    0x0800368e   0x00000012   Code   RO          680    .text               c_w.l(exit.o)
    0x080036a0   0x00000030   Code   RO          640    i.__ARM_fpclassify  m_wm.l(fpclassify.o)
    0x080036d0   0x00000360   Code   RO          546    i.__hardfp_asin     m_wm.l(asin.o)
    0x08003a30   0x000002d8   Code   RO          606    i.__hardfp_atan     m_wm.l(atan.o)
    0x08003d08   0x000001f0   Code   RO          560    i.__hardfp_atan2    m_wm.l(atan2.o)
    0x08003ef8   0x0000007a   Code   RO          572    i.__hardfp_sqrt     m_wm.l(sqrt.o)
    0x08003f72   0x000000f8   Code   RO          642    i.__kernel_poly     m_wm.l(poly.o)
    0x0800406a   0x00000014   Code   RO          621    i.__mathlib_dbl_infnan  m_wm.l(dunder.o)
    0x0800407e   0x00000014   Code   RO          622    i.__mathlib_dbl_infnan2  m_wm.l(dunder.o)
    0x08004092   0x00000006   PAD
    0x08004098   0x00000020   Code   RO          623    i.__mathlib_dbl_invalid  m_wm.l(dunder.o)
    0x080040b8   0x00000020   Code   RO          626    i.__mathlib_dbl_underflow  m_wm.l(dunder.o)
    0x080040d8   0x00000010   Code   RO          608    i.atan              m_wm.l(atan.o)
    0x080040e8   0x00000018   Code   RO          636    i.fabs              m_wm.l(fabs.o)
    0x08004100   0x0000006e   Code   RO          574    i.sqrt              m_wm.l(sqrt.o)
    0x0800416e   0x00000018   Code   RO          591    x$fpl$basic         fz_wm.l(basic.o)
    0x08004186   0x00000002   PAD
    0x08004188   0x00000062   Code   RO          526    x$fpl$d2f           fz_wm.l(d2f.o)
    0x080041ea   0x00000002   PAD
    0x080041ec   0x00000150   Code   RO          528    x$fpl$dadd          fz_wm.l(daddsub_clz.o)
    0x0800433c   0x000002b0   Code   RO          535    x$fpl$ddiv          fz_wm.l(ddiv.o)
    0x080045ec   0x0000005e   Code   RO          538    x$fpl$dfix          fz_wm.l(dfix.o)
    0x0800464a   0x00000002   PAD
    0x0800464c   0x00000154   Code   RO          542    x$fpl$dmul          fz_wm.l(dmul.o)
    0x080047a0   0x0000009c   Code   RO          595    x$fpl$dnaninf       fz_wm.l(dnaninf.o)
    0x0800483c   0x0000000c   Code   RO          597    x$fpl$dretinf       fz_wm.l(dretinf.o)
    0x08004848   0x00000016   Code   RO          529    x$fpl$drsb          fz_wm.l(daddsub_clz.o)
    0x0800485e   0x00000002   PAD
    0x08004860   0x00000198   Code   RO          599    x$fpl$dsqrt         fz_wm.l(dsqrt_umaal.o)
    0x080049f8   0x000001d4   Code   RO          530    x$fpl$dsub          fz_wm.l(daddsub_clz.o)
    0x08004bcc   0x00000056   Code   RO          544    x$fpl$f2d           fz_wm.l(f2d.o)
    0x08004c22   0x0000008c   Code   RO          601    x$fpl$fnaninf       fz_wm.l(fnaninf.o)
    0x08004cae   0x0000000a   Code   RO          744    x$fpl$fpinit        fz_wm.l(fpinit.o)
    0x08004cb8   0x0000000a   Code   RO          603    x$fpl$fretinf       fz_wm.l(fretinf.o)
    0x08004cc2   0x00000000   Code   RO          605    x$fpl$usenofp       fz_wm.l(usenofp.o)
    0x08004cc2   0x00000006   PAD
    0x08004cc8   0x00000050   Data   RO          549    .constdata          m_wm.l(asin.o)
    0x08004d18   0x00000098   Data   RO          609    .constdata          m_wm.l(atan.o)
    0x08004db0   0x00000008   Data   RO          644    .constdata          m_wm.l(qnan.o)
    0x08004db8   0x00000020   Data   RO          808    Region$$Table       anon$$obj.o


    Execution Region RW_IRAM1 (Base: 0x20000000, Size: 0x00009cc0, Max: 0x00020000, ABSOLUTE)

    Base Addr    Size         Type   Attr      Idx    E Section Name        Object

    0x20000000   0x00000014   Data   RW          134    .data               system_stm32f4xx.o
    0x20000014   0x00000010   Data   RW          277    .data               stm32f4xx_rcc.o
    0x20000024   0x00000004   Data   RW          397    .data               delay.o
    0x20000028   0x00000006   Data   RW          420    .data               usart_gy.o
    0x2000002e   0x00000002   PAD
    0x20000030   0x00009630   Zero   RW          490    .bss                matrix_inverse_solution.o
    0x20009660   0x00000060   Zero   RW          674    .bss                c_w.l(libspace.o)
    0x200096c0   0x00000200   Zero   RW          228    HEAP                startup_stm32f40_41xxx.o
    0x200098c0   0x00000400   Zero   RW          227    STACK               startup_stm32f40_41xxx.o


==============================================================================

Image component sizes


      Code (inc. data)   RO Data    RW Data    ZI Data      Debug   Object Name

       260          8          0          4          0       1513   delay.o
       104         10          0          0          0     230615   main.o
      4056        172          0          0      38448       2682   matrix_inverse_solution.o
       224         20          0          0          0       1849   misc.o
       936         28          0          0          0       1601   pwm_init.o
       100          0          0          0          0        977   rcc_config.o
        64         26        392          0       1536        852   startup_stm32f40_41xxx.o
       660         44          0          0          0       4193   stm32f4xx_gpio.o
        26          0          0          0          0      53718   stm32f4xx_it.o
      1628         52          0         16          0      13080   stm32f4xx_rcc.o
      3234         60          0          0          0      23048   stm32f4xx_tim.o
      1108         34          0          0          0       7916   stm32f4xx_usart.o
       528         46          0         20          0       1831   system_stm32f4xx.o
       204          8          0          6          0       3944   usart_gy.o

    ----------------------------------------------------------------------
     13134        508        424         48      39984     347819   Object Totals
         0          0         32          0          0          0   (incl. Generated)
         2          0          0          2          0          0   (incl. Padding)

    ----------------------------------------------------------------------

      Code (inc. data)   RO Data    RW Data    ZI Data      Debug   Library Member Name

         8          0          0          0          0         68   __main.o
        40          0          0          0          0         84   __printf_nopercent.o
         0          0          0          0          0          0   __rtentry.o
        12          0          0          0          0          0   __rtentry2.o
         6          0          0          0          0          0   __rtentry4.o
        52          8          0          0          0          0   __scatter.o
        26          0          0          0          0          0   __scatter_copy.o
        28          0          0          0          0          0   __scatter_zi.o
        48          6          0          0          0         96   _printf_char_common.o
        36          4          0          0          0         80   _printf_char_file.o
        22          0          0          0          0        100   _rserrno.o
        18          0          0          0          0         80   exit.o
         8          0          0          0          0         68   ferror.o
         6          0          0          0          0        152   heapauxi.o
         2          0          0          0          0          0   libinit.o
         6          0          0          0          0          0   libinit2.o
         2          0          0          0          0          0   libshutdown.o
         2          0          0          0          0          0   libshutdown2.o
         8          4          0          0         96         68   libspace.o
        24          4          0          0          0         84   noretval__2printf.o
         8          4          0          0          0         68   rt_errno_addr_intlibspace.o
         2          0          0          0          0          0   rtexit.o
        10          0          0          0          0          0   rtexit2.o
        74          0          0          0          0         80   sys_stackheap_outer.o
         2          0          0          0          0         68   use_no_semi.o
         2          0          0          0          0         68   use_no_semi_2.o
        24          0          0          0          0        164   basic.o
        98          4          0          0          0        140   d2f.o
       826         16          0          0          0        492   daddsub_clz.o
       688        140          0          0          0        256   ddiv.o
        94          4          0          0          0        140   dfix.o
       340         12          0          0          0        152   dmul.o
       156          4          0          0          0        140   dnaninf.o
        12          0          0          0          0        116   dretinf.o
       408         56          0          0          0        168   dsqrt_umaal.o
        86          4          0          0          0        132   f2d.o
       140          4          0          0          0        132   fnaninf.o
        10          0          0          0          0        116   fpinit.o
        10          0          0          0          0        116   fretinf.o
         0          0          0          0          0          0   usenofp.o
       864         94         80          0          0        280   asin.o
       744        106        152          0          0        352   atan.o
       496         64          0          0          0        192   atan2.o
       104         16          0          0          0        496   dunder.o
        24          0          0          0          0        124   fabs.o
        48          0          0          0          0        124   fpclassify.o
       248          0          0          0          0        152   poly.o
         0          0          8          0          0          0   qnan.o
       232          0          0          0          0        296   sqrt.o

    ----------------------------------------------------------------------
      6130        554        240          0         96       5444   Library Totals
        26          0          0          0          0          0   (incl. Padding)

    ----------------------------------------------------------------------

      Code (inc. data)   RO Data    RW Data    ZI Data      Debug   Library Name

       452         30          0          0         96       1164   c_w.l
      2892        244          0          0          0       2264   fz_wm.l
      2760        280        240          0          0       2016   m_wm.l

    ----------------------------------------------------------------------
      6130        554        240          0         96       5444   Library Totals

    ----------------------------------------------------------------------

==============================================================================


      Code (inc. data)   RO Data    RW Data    ZI Data      Debug   

     19264       1062        664         48      40080     347643   Grand Totals
     19264       1062        664         48      40080     347643   ELF Image Totals
     19264       1062        664         48          0          0   ROM Totals

==============================================================================

    Total RO  Size (Code + RO Data)                19928 (  19.46kB)
    Total RW  Size (RW Data + ZI Data)             40128 (  39.19kB)
    Total ROM Size (Code + RO Data + RW Data)      19976 (  19.51kB)

==============================================================================

