<html>
<body>
<pre>
<h1>µVision Build Log</h1>
<h2>Tool Versions:</h2>
IDE-Version: ¦ÌVision V5.17.0.0
Copyright (C) 2015 ARM Ltd and ARM Germany GmbH. All rights reserved.
License Information: gu gooyle, HP Inc., LIC=50D8T-R3F1K-BXBUY-IAUXF-I9FM9-IWGGD
 
Tool Versions:
Toolchain:       MDK-ARM Professional  Version: 5.17
Toolchain Path:  D:\software_gy\MDK\ARM\ARMCC\Bin
C Compiler:      Armcc.exe V5.06 update 1 (build 61)
Assembler:       Armasm.exe V5.06 update 1 (build 61)
Linker/Locator:  ArmLink.exe V5.06 update 1 (build 61)
Library Manager: ArmAr.exe V5.06 update 1 (build 61)
Hex Converter:   FromElf.exe V5.06 update 1 (build 61)
CPU DLL:         SARMCM3.DLL V5.17
Dialog DLL:      DCM.DLL V1.13.4.0
Target DLL:      Segger\JL2CM3.dll V2.99.16.0
Dialog DLL:      DCM.DLL V1.13.4.0
 
<h2>Project:</h2>
C:\Users\gooyle\Desktop\nuaa_gecko-robot\text_gy_stm32f407\USER\Template.uvprojx
Project File Date:  09/11/2018

<h2>Output:</h2>
*** Using Compiler 'V5.06 update 1 (build 61)', folder: 'D:\software_gy\MDK\ARM\ARMCC\Bin'
Rebuild target 'Template'
assembling startup_stm32f40_41xxx.s...
compiling misc.c...
compiling stm32f4xx_syscfg.c...
compiling stm32f4xx_gpio.c...
compiling stm32f4xx_exti.c...
compiling system_stm32f4xx.c...
compiling stm32f4xx_it.c...
compiling stm32f4xx_tim.c...
compiling stm32f4xx_usart.c...
compiling sys.c...
compiling stm32f4xx_rcc.c...
compiling main.c...
..\HARDWARE\gecko_project\rcc_config.h(5): warning:  #1-D: last line of file ends without a newline
  #endif
..\HARDWARE\gecko_project\Matrix_Inverse_solution.h(15): warning:  #1-D: last line of file ends without a newline
  #endif
main.c(48): warning:  #111-D: statement is unreachable
  	return 0;
main.c(49): warning:  #1-D: last line of file ends without a newline
  }
main.c: 4 warnings, 0 errors
compiling usart_gy.c...
..\SYSTEM\usart\usart_gy.c(100): warning:  #177-D: variable "Res" was declared but never referenced
  	u8 Res;
..\SYSTEM\usart\usart_gy.c(101): warning:  #177-D: variable "i" was declared but never referenced
  	int i = 0;
..\SYSTEM\usart\usart_gy.c: 2 warnings, 0 errors
compiling delay.c...
compiling rcc_config.c...
..\HARDWARE\gecko_project\rcc_config.h(5): warning:  #1-D: last line of file ends without a newline
  #endif
..\HARDWARE\gecko_project\rcc_config.c(30): warning:  #1-D: last line of file ends without a newline
  }
..\HARDWARE\gecko_project\rcc_config.c: 2 warnings, 0 errors
compiling pwm_init.c...
compiling Matrix_Inverse_Solution.c...
..\HARDWARE\gecko_project\Matrix_Inverse_solution.h(15): warning:  #1-D: last line of file ends without a newline
  #endif
..\HARDWARE\gecko_project\Matrix_Inverse_Solution.c(58): warning:  #1035-D: single-precision operand implicitly converted to double-precision
  	KMGecko.theta2[0] = (int)((theta2/3.1415)*180);
..\HARDWARE\gecko_project\Matrix_Inverse_Solution.c(59): warning:  #1035-D: single-precision operand implicitly converted to double-precision
  	KMGecko.theta3[0] = (int)((theta3/3.1415)*180);
..\HARDWARE\gecko_project\Matrix_Inverse_Solution.c(11): warning:  #177-D: variable "a1" was declared but never referenced
  	float a1 = 1.0;//link lengthen
..\HARDWARE\gecko_project\Matrix_Inverse_Solution.c(12): warning:  #177-D: variable "a2" was declared but never referenced
  	float a2 = 1.0;//link lengthen
..\HARDWARE\gecko_project\Matrix_Inverse_Solution.c(13): warning:  #177-D: variable "a3" was declared but never referenced
  	float a3 = 1.0;//link lengthen
..\HARDWARE\gecko_project\Matrix_Inverse_Solution.c(14): warning:  #177-D: variable "a4" was declared but never referenced
  	float a4 = 1.0;//link lengthen
..\HARDWARE\gecko_project\Matrix_Inverse_Solution.c(15): warning:  #177-D: variable "a5" was declared but never referenced
  	float a5 = 0.0;//link lengthen
..\HARDWARE\gecko_project\Matrix_Inverse_Solution.c(29): warning:  #177-D: variable "r" was declared but never referenced
  	float r =0.0;//Graphical Method variable
..\HARDWARE\gecko_project\Matrix_Inverse_Solution.c(30): warning:  #177-D: variable "r1" was declared but never referenced
  	float r1 =0.0;//Graphical Method variable
..\HARDWARE\gecko_project\Matrix_Inverse_Solution.c(31): warning:  #177-D: variable "phi1" was declared but never referenced
  	float phi1 = 0.0;//Graphical Method variable
..\HARDWARE\gecko_project\Matrix_Inverse_Solution.c(32): warning:  #177-D: variable "phi2" was declared but never referenced
  	float phi2 = 0.0;//Graphical Method variable
..\HARDWARE\gecko_project\Matrix_Inverse_Solution.c(33): warning:  #177-D: variable "phi3" was declared but never referenced
  	float phi3 = 0.0;//Graphical Method variable
..\HARDWARE\gecko_project\Matrix_Inverse_Solution.c(34): warning:  #177-D: variable "phi4" was declared but never referenced
  	float phi4 = 0.0;//Graphical Method variable
..\HARDWARE\gecko_project\Matrix_Inverse_Solution.c(35): warning:  #177-D: variable "phi5" was declared but never referenced
  	float phi5 = 0.0;//Graphical Method variable
..\HARDWARE\gecko_project\Matrix_Inverse_Solution.c(36): warning:  #177-D: variable "phi6" was declared but never referenced
  	float phi6 = 0.0;//Graphical Method variable
..\HARDWARE\gecko_project\Matrix_Inverse_Solution.c: 17 warnings, 0 errors
linking...
Program Size: Code=15920 RO-data=664 RW-data=40 ZI-data=2832  
FromELF: creating hex file...
"..\OBJ\Template.axf" - 0 Error(s), 24 Warning(s).

<h2>Collection of Component include folders:</h2>
  C:\Users\gooyle\Desktop\nuaa_gecko-robot\text_gy_stm32f407\USER\RTE
  D:\software_gy\MDK\ARM\PACK\Keil\STM32F4xx_DFP\1.0.8\Device\Include

<h2>Collection of Component Files used:</h2>
Build Time Elapsed:  00:00:03
</pre>
</body>
</html>
