<html>
<body>
<pre>
<h1>µVision Build Log</h1>
<h2>Tool Versions:</h2>
IDE-Version: ¦ÌVision V5.17.0.0
Copyright (C) 2015 ARM Ltd and ARM Germany GmbH. All rights reserved.
License Information: gu gooyle, HP Inc., LIC=50D8T-R3F1K-BXBUY-IAUXF-I9FM9-IWGGD
 
Tool Versions:
Toolchain:       MDK-ARM Professional  Version: 5.17
Toolchain Path:  D:\software_gy\MDK\ARM\ARMCC\Bin
C Compiler:      Armcc.exe V5.06 update 1 (build 61)
Assembler:       Armasm.exe V5.06 update 1 (build 61)
Linker/Locator:  ArmLink.exe V5.06 update 1 (build 61)
Library Manager: ArmAr.exe V5.06 update 1 (build 61)
Hex Converter:   FromElf.exe V5.06 update 1 (build 61)
CPU DLL:         SARMCM3.DLL V5.17
Dialog DLL:      DCM.DLL V1.13.4.0
Target DLL:      Segger\JL2CM3.dll V2.99.16.0
Dialog DLL:      DCM.DLL V1.13.4.0
 
<h2>Project:</h2>
C:\Users\gooyle\Desktop\nuaa_gecko-robot\text_gy_stm32f407\USER\Template.uvprojx
Project File Date:  01/23/2019

<h2>Output:</h2>
*** Using Compiler 'V5.06 update 1 (build 61)', folder: 'D:\software_gy\MDK\ARM\ARMCC\Bin'
Build target 'Template'
compiling main.c...
..\HARDWARE\gecko_project\rcc_config.h(5): warning:  #1-D: last line of file ends without a newline
  #endif
..\HARDWARE\gecko_project\Matrix_Inverse_solution.h(122): warning:  #1-D: last line of file ends without a newline
  #endif
main.c(95): warning:  #111-D: statement is unreachable
  	return 0;
main.c(96): warning:  #1-D: last line of file ends without a newline
  }
main.c: 4 warnings, 0 errors
linking...
Program Size: Code=10516 RO-data=45544 RW-data=40 ZI-data=46856  
FromELF: creating hex file...
"..\OBJ\Template.axf" - 0 Error(s), 4 Warning(s).

<h2>Collection of Component include folders:</h2>
  C:\Users\gooyle\Desktop\nuaa_gecko-robot\text_gy_stm32f407\USER\RTE
  D:\software_gy\MDK\ARM\PACK\Keil\STM32F4xx_DFP\1.0.8\Device\Include

<h2>Collection of Component Files used:</h2>
Build Time Elapsed:  00:00:01
</pre>
</body>
</html>
